Archive member included to satisfy reference by file (symbol)

d:/documents/arm gnu toolchain/12.2 mpacbti-bet1/bin/../lib/gcc/arm-none-eabi/12.2.0/thumb/v6-m/nofp\libgcc.a(_dvmd_tls.o)
                              CMakeFiles/orionshands.dir/D_/Documents/Github/PCB-Design/keyboard-code/pico-sdk/src/rp2_common/pico_divider/divider.S.obj (__aeabi_idiv0)
d:/documents/arm gnu toolchain/12.2 mpacbti-bet1/bin/../lib/gcc/arm-none-eabi/12.2.0/thumb/v6-m/nofp\libc.a(libc_a-calloc.o)
                              CMakeFiles/orionshands.dir/D_/Documents/Github/PCB-Design/keyboard-code/pico-sdk/src/rp2_common/pico_malloc/pico_malloc.c.obj (calloc)
d:/documents/arm gnu toolchain/12.2 mpacbti-bet1/bin/../lib/gcc/arm-none-eabi/12.2.0/thumb/v6-m/nofp\libc.a(libc_a-callocr.o)
                              d:/documents/arm gnu toolchain/12.2 mpacbti-bet1/bin/../lib/gcc/arm-none-eabi/12.2.0/thumb/v6-m/nofp\libc.a(libc_a-calloc.o) (_calloc_r)
d:/documents/arm gnu toolchain/12.2 mpacbti-bet1/bin/../lib/gcc/arm-none-eabi/12.2.0/thumb/v6-m/nofp\libc.a(libc_a-malloc.o)
                              CMakeFiles/orionshands.dir/D_/Documents/Github/PCB-Design/keyboard-code/pico-sdk/src/rp2_common/pico_malloc/pico_malloc.c.obj (malloc)
d:/documents/arm gnu toolchain/12.2 mpacbti-bet1/bin/../lib/gcc/arm-none-eabi/12.2.0/thumb/v6-m/nofp\libc.a(libc_a-mallocr.o)
                              d:/documents/arm gnu toolchain/12.2 mpacbti-bet1/bin/../lib/gcc/arm-none-eabi/12.2.0/thumb/v6-m/nofp\libc.a(libc_a-callocr.o) (_malloc_r)
d:/documents/arm gnu toolchain/12.2 mpacbti-bet1/bin/../lib/gcc/arm-none-eabi/12.2.0/thumb/v6-m/nofp\libc.a(libc_a-mlock.o)
                              d:/documents/arm gnu toolchain/12.2 mpacbti-bet1/bin/../lib/gcc/arm-none-eabi/12.2.0/thumb/v6-m/nofp\libc.a(libc_a-mallocr.o) (__malloc_lock)
d:/documents/arm gnu toolchain/12.2 mpacbti-bet1/bin/../lib/gcc/arm-none-eabi/12.2.0/thumb/v6-m/nofp\libc.a(libc_a-realloc.o)
                              CMakeFiles/orionshands.dir/D_/Documents/Github/PCB-Design/keyboard-code/pico-sdk/src/rp2_common/pico_malloc/pico_malloc.c.obj (realloc)
d:/documents/arm gnu toolchain/12.2 mpacbti-bet1/bin/../lib/gcc/arm-none-eabi/12.2.0/thumb/v6-m/nofp\libc.a(libc_a-reallocr.o)
                              d:/documents/arm gnu toolchain/12.2 mpacbti-bet1/bin/../lib/gcc/arm-none-eabi/12.2.0/thumb/v6-m/nofp\libc.a(libc_a-realloc.o) (_realloc_r)
d:/documents/arm gnu toolchain/12.2 mpacbti-bet1/bin/../lib/gcc/arm-none-eabi/12.2.0/thumb/v6-m/nofp\libc.a(libc_a-memmove.o)
                              d:/documents/arm gnu toolchain/12.2 mpacbti-bet1/bin/../lib/gcc/arm-none-eabi/12.2.0/thumb/v6-m/nofp\libc.a(libc_a-reallocr.o) (memmove)
d:/documents/arm gnu toolchain/12.2 mpacbti-bet1/bin/../lib/gcc/arm-none-eabi/12.2.0/thumb/v6-m/nofp\libc.a(libc_a-impure.o)
                              d:/documents/arm gnu toolchain/12.2 mpacbti-bet1/bin/../lib/gcc/arm-none-eabi/12.2.0/thumb/v6-m/nofp\libc.a(libc_a-calloc.o) (_impure_ptr)
d:/documents/arm gnu toolchain/12.2 mpacbti-bet1/bin/../lib/gcc/arm-none-eabi/12.2.0/thumb/v6-m/nofp\libc.a(libc_a-sbrkr.o)
                              d:/documents/arm gnu toolchain/12.2 mpacbti-bet1/bin/../lib/gcc/arm-none-eabi/12.2.0/thumb/v6-m/nofp\libc.a(libc_a-mallocr.o) (_sbrk_r)
d:/documents/arm gnu toolchain/12.2 mpacbti-bet1/bin/../lib/gcc/arm-none-eabi/12.2.0/thumb/v6-m/nofp\libc.a(libc_a-errno.o)
                              d:/documents/arm gnu toolchain/12.2 mpacbti-bet1/bin/../lib/gcc/arm-none-eabi/12.2.0/thumb/v6-m/nofp\libc.a(libc_a-callocr.o) (__errno)
d:/documents/arm gnu toolchain/12.2 mpacbti-bet1/bin/../lib/gcc/arm-none-eabi/12.2.0/thumb/v6-m/nofp\libc.a(libc_a-init.o)
                              d:/documents/arm gnu toolchain/12.2 mpacbti-bet1/bin/../lib/gcc/arm-none-eabi/12.2.0/thumb/v6-m/nofp/crt0.o (__libc_init_array)
d:/documents/arm gnu toolchain/12.2 mpacbti-bet1/bin/../lib/gcc/arm-none-eabi/12.2.0/thumb/v6-m/nofp\libc.a(libc_a-lock.o)
                              d:/documents/arm gnu toolchain/12.2 mpacbti-bet1/bin/../lib/gcc/arm-none-eabi/12.2.0/thumb/v6-m/nofp\libc.a(libc_a-mlock.o) (__retarget_lock_acquire_recursive)
d:/documents/arm gnu toolchain/12.2 mpacbti-bet1/bin/../lib/gcc/arm-none-eabi/12.2.0/thumb/v6-m/nofp\libc.a(libc_a-strlen-stub.o)
                              CMakeFiles/orionshands.dir/D_/Documents/Github/PCB-Design/keyboard-code/pico-sdk/src/rp2_common/pico_stdio/stdio.c.obj (strlen)
d:/documents/arm gnu toolchain/12.2 mpacbti-bet1/bin/../lib/gcc/arm-none-eabi/12.2.0/thumb/v6-m/nofp\libc.a(libc_a-freer.o)
                              d:/documents/arm gnu toolchain/12.2 mpacbti-bet1/bin/../lib/gcc/arm-none-eabi/12.2.0/thumb/v6-m/nofp\libc.a(libc_a-malloc.o) (_free_r)
d:/documents/arm gnu toolchain/12.2 mpacbti-bet1/bin/../lib/gcc/arm-none-eabi/12.2.0/thumb/v6-m/nofp\libc.a(libc_a-findfp.o)
[...]
Memory Configuration

Name             Origin             Length             Attributes
FLASH            0x10000000         0x00200000         xr
RAM              0x20000000         0x00040000         xrw
SCRATCH_X        0x20040000         0x00001000         xrw
SCRATCH_Y        0x20041000         0x00001000         xrw
*default*        0x00000000         0xffffffff

Linker script and memory map

LOAD d:/documents/arm gnu toolchain/12.2 mpacbti-bet1/bin/../lib/gcc/arm-none-eabi/12.2.0/thumb/v6-m/nofp/crti.o
LOAD d:/documents/arm gnu toolchain/12.2 mpacbti-bet1/bin/../lib/gcc/arm-none-eabi/12.2.0/thumb/v6-m/nofp/crtbegin.o
LOAD d:/documents/arm gnu toolchain/12.2 mpacbti-bet1/bin/../lib/gcc/arm-none-eabi/12.2.0/thumb/v6-m/nofp/crt0.o

.flash_begin    0x10000000        0x0
                0x10000000                        __flash_binary_start = .

.boot2          0x10000000      0x100
                0x10000000                        __boot2_start__ = .
 *(.boot2)
 .boot2         0x10000000      0x100 C:\Users\Alex\AppData\Local\Temp\ccgFk6sP.o
                0x10000100                        __boot2_end__ = .
                0x00000001                        ASSERT (((__boot2_end__ - __boot2_start__) == 0x100), ERROR: Pico second stage bootloader must be 256 bytes in size)

.text           0x10000100     0x7068
                0x10000100                        __logical_binary_start = .
 *(.vectors)
 .vectors       0x10000100       0xd4 CMakeFiles/orionshands.dir/D_/Documents/Github/PCB-Design/keyboard-code/pico-sdk/src/rp2_common/pico_standard_link/crt0.S.obj
                0x10000100                __VECTOR_TABLE
                0x10000100                __vectors
                0x100001c0                isr_invalid
                0x100001c0                __default_isrs_start
                0x100001c2                isr_nmi
                0x100001c4                isr_hardfault
                0x100001c6                isr_svcall
                0x100001c8                isr_pendsv
                0x100001ca                isr_systick
                0x100001cc                isr_irq23
                0x100001cc                isr_irq18
                0x100001cc                isr_irq11
                0x100001cc                isr_irq28
                0x100001cc                isr_irq19
                0x100001cc                isr_irq0
                0x100001cc                isr_irq6
                0x100001cc                isr_irq5
                0x100001cc                isr_irq12
                0x100001cc                isr_irq22
                0x100001cc                isr_irq31
                0x100001cc                isr_irq17
                0x100001cc                isr_irq27
                0x100001cc                isr_irq30
                0x100001cc                isr_irq2
                0x100001cc                isr_irq10
                0x100001cc                isr_irq8
                0x100001cc                isr_irq24
                0x100001cc                isr_irq1
                0x100001cc                isr_irq7
                0x100001cc                isr_irq21
                0x100001cc                isr_irq20
                0x100001cc                isr_irq15
                0x100001cc                isr_irq25
                0x100001cc                isr_irq13
                0x100001cc                __unhandled_user_irq
                0x100001cc                isr_irq4
                0x100001cc                isr_irq16
                0x100001cc                isr_irq29
                0x100001cc                isr_irq26
                0x100001cc                __default_isrs_end
                0x100001cc                isr_irq3
                0x100001cc                isr_irq14
                0x100001cc                isr_irq9
                0x100001d2                unhandled_user_irq_num_in_r0
 *(.binary_info_header)
 .binary_info_header
                0x100001d4       0x14 CMakeFiles/orionshands.dir/D_/Documents/Github/PCB-Design/keyboard-code/pico-sdk/src/rp2_common/pico_standard_link/crt0.S.obj
                0x100001e8                        __binary_info_header_end = .
 *(.reset)
 .reset         0x100001e8       0xa8 CMakeFiles/orionshands.dir/D_/Documents/Github/PCB-Design/keyboard-code/pico-sdk/src/rp2_common/pico_standard_link/crt0.S.obj
                0x100001e8                _entry_point
                0x10000266                __get_current_exception
 .reset         0x10000290       0x30 CMakeFiles/orionshands.dir/D_/Documents/Github/PCB-Design/keyboard-code/pico-sdk/src/rp2_common/pico_standard_link/binary_info.c.obj
 *(.init)
 .init          0x100002c0        0x4 d:/documents/arm gnu toolchain/12.2 mpacbti-bet1/bin/../lib/gcc/arm-none-eabi/12.2.0/thumb/v6-m/nofp/crti.o
                0x100002c0                _init
 *(EXCLUDE_FILE(*libm.a: *libc.a:*lib_a-mem*.o *libgcc.a:) .text*)
 .text.register_tm_clones
                0x100002c4       0x28 d:/documents/arm gnu toolchain/12.2 mpacbti-bet1/bin/../lib/gcc/arm-none-eabi/12.2.0/thumb/v6-m/nofp/crtbegin.o
 .text.frame_dummy
                0x100002ec       0x24 d:/documents/arm gnu toolchain/12.2 mpacbti-bet1/bin/../lib/gcc/arm-none-eabi/12.2.0/thumb/v6-m/nofp/crtbegin.o
 .text.startup.main
                0x10000310      0x24c CMakeFiles/orionshands.dir/src/main.c.obj
                0x10000310                main
 .text.gpio_set_pulls
                0x1000055c       0x24 CMakeFiles/orionshands.dir/D_/Documents/Github/PCB-Design/keyboard-code/pico-sdk/src/rp2_common/hardware_gpio/gpio.c.obj
                0x1000055c                gpio_set_pulls
 .text.gpio_init
                0x10000580       0x3c CMakeFiles/orionshands.dir/D_/Documents/Github/PCB-Design/keyboard-code/pico-sdk/src/rp2_common/hardware_gpio/gpio.c.obj
                0x10000580                gpio_init
 .text.hw_claim_or_assert
                0x100005bc       0x44 CMakeFiles/orionshands.dir/D_/Documents/Github/PCB-Design/keyboard-code/pico-sdk/src/rp2_common/hardware_claim/claim.c.obj
                0x100005bc                hw_claim_or_assert
 .text.hw_claim_unused_from_range
                0x10000600       0x9c CMakeFiles/orionshands.dir/D_/Documents/Github/PCB-Design/keyboard-code/pico-sdk/src/rp2_common/hardware_claim/claim.c.obj
                0x10000600                hw_claim_unused_from_range
 .text.running_on_fpga
                0x1000069c       0x10 CMakeFiles/orionshands.dir/D_/Documents/Github/PCB-Design/keyboard-code/pico-sdk/src/rp2_common/pico_platform/platform.c.obj
                0x1000069c                running_on_fpga
 .text.spin_locks_reset
                0x100006ac       0x1c CMakeFiles/orionshands.dir/D_/Documents/Github/PCB-Design/keyboard-code/pico-sdk/src/rp2_common/hardware_sync/sync.c.obj
                0x100006ac                spin_locks_reset
 .text.next_striped_spin_lock_num
                0x100006c8       0x18 CMakeFiles/orionshands.dir/D_/Documents/Github/PCB-Design/keyboard-code/pico-sdk/src/rp2_common/hardware_sync/sync.c.obj
                0x100006c8                next_striped_spin_lock_num
 .text.spin_lock_claim_unused
                0x100006e0       0x24 CMakeFiles/orionshands.dir/D_/Documents/Github/PCB-Design/keyboard-code/pico-sdk/src/rp2_common/hardware_sync/sync.c.obj
                0x100006e0                spin_lock_claim_unused
 .text.irq_set_enabled
                0x10000704       0x24 CMakeFiles/orionshands.dir/D_/Documents/Github/PCB-Design/keyboard-code/pico-sdk/src/rp2_common/hardware_irq/irq.c.obj
                0x10000704                irq_set_enabled
 .text.irq_set_pending
                0x10000728       0x10 CMakeFiles/orionshands.dir/D_/Documents/Github/PCB-Design/keyboard-code/pico-sdk/src/rp2_common/hardware_irq/irq.c.obj
                0x10000728                irq_set_pending
 .text.irq_has_shared_handler
                0x10000738       0x2c CMakeFiles/orionshands.dir/D_/Documents/Github/PCB-Design/keyboard-code/pico-sdk/src/rp2_common/hardware_irq/irq.c.obj
                0x10000738                irq_has_shared_handler
 .text.irq_get_vtable_handler
                0x10000764       0x10 CMakeFiles/orionshands.dir/D_/Documents/Github/PCB-Design/keyboard-code/pico-sdk/src/rp2_common/hardware_irq/irq.c.obj
                0x10000764                irq_get_vtable_handler
 .text.irq_set_exclusive_handler
                0x10000774       0x54 CMakeFiles/orionshands.dir/D_/Documents/Github/PCB-Design/keyboard-code/pico-sdk/src/rp2_common/hardware_irq/irq.c.obj
                0x10000774                irq_set_exclusive_handler
 .text.irq_add_shared_handler
                0x100007c8      0x1f4 CMakeFiles/orionshands.dir/D_/Documents/Github/PCB-Design/keyboard-code/pico-sdk/src/rp2_common/hardware_irq/irq.c.obj
                0x100007c8                irq_add_shared_handler
 .text.irq_remove_handler
                0x100009bc      0x1cc CMakeFiles/orionshands.dir/D_/Documents/Github/PCB-Design/keyboard-code/pico-sdk/src/rp2_common/hardware_irq/irq.c.obj
                0x100009bc                irq_remove_handler
 .text.irq_add_tail_to_free_list
                0x10000b88       0xb4 CMakeFiles/orionshands.dir/D_/Documents/Github/PCB-Design/keyboard-code/pico-sdk/src/rp2_common/hardware_irq/irq.c.obj
                0x10000b88                irq_add_tail_to_free_list
 .text.irq_init_priorities
                0x10000c3c       0x24 CMakeFiles/orionshands.dir/D_/Documents/Github/PCB-Design/keyboard-code/pico-sdk/src/rp2_common/hardware_irq/irq.c.obj
                0x10000c3c                irq_init_priorities
 .text.user_irq_claim_unused
                0x10000c60       0x30 CMakeFiles/orionshands.dir/D_/Documents/Github/PCB-Design/keyboard-code/pico-sdk/src/rp2_common/hardware_irq/irq.c.obj
                0x10000c60                user_irq_claim_unused
 .text.lock_init
                0x10000c90       0x10 CMakeFiles/orionshands.dir/D_/Documents/Github/PCB-Design/keyboard-code/pico-sdk/src/common/pico_sync/lock_core.c.obj
                0x10000c90                lock_init
 .text.timer_pool_entry_comparator
                0x10000ca0       0x34 CMakeFiles/orionshands.dir/D_/Documents/Github/PCB-Design/keyboard-code/pico-sdk/src/common/pico_time/time.c.obj
                0x10000ca0                timer_pool_entry_comparator
 .text.sleep_until_callback
                0x10000cd4       0x30 CMakeFiles/orionshands.dir/D_/Documents/Github/PCB-Design/keyboard-code/pico-sdk/src/common/pico_time/time.c.obj
 .text.add_alarm_under_lock.isra.0
                0x10000d04      0x100 CMakeFiles/orionshands.dir/D_/Documents/Github/PCB-Design/keyboard-code/pico-sdk/src/common/pico_time/time.c.obj
 .text.alarm_pool_alarm_callback
                0x10000e04      0x1c4 CMakeFiles/orionshands.dir/D_/Documents/Github/PCB-Design/keyboard-code/pico-sdk/src/common/pico_time/time.c.obj
 .text.alarm_pool_add_alarm_at.constprop.0
                0x10000fc8      0x11c CMakeFiles/orionshands.dir/D_/Documents/Github/PCB-Design/keyboard-code/pico-sdk/src/common/pico_time/time.c.obj
 .text.alarm_pool_init_default
                0x100010e4       0x64 CMakeFiles/orionshands.dir/D_/Documents/Github/PCB-Design/keyboard-code/pico-sdk/src/common/pico_time/time.c.obj
                0x100010e4                alarm_pool_init_default
 .text.alarm_pool_get_default
                0x10001148        0x8 CMakeFiles/orionshands.dir/D_/Documents/Github/PCB-Design/keyboard-code/pico-sdk/src/common/pico_time/time.c.obj
                0x10001148                alarm_pool_get_default
 .text.alarm_pool_add_alarm_at
                0x10001150      0x19c CMakeFiles/orionshands.dir/D_/Documents/Github/PCB-Design/keyboard-code/pico-sdk/src/common/pico_time/time.c.obj
                0x10001150                alarm_pool_add_alarm_at
 .text.best_effort_wfe_or_timeout
                0x100012ec       0xd0 CMakeFiles/orionshands.dir/D_/Documents/Github/PCB-Design/keyboard-code/pico-sdk/src/common/pico_time/time.c.obj
                0x100012ec                best_effort_wfe_or_timeout
 .text.hardware_alarm_irq_handler
                0x100013bc       0xb8 CMakeFiles/orionshands.dir/D_/Documents/Github/PCB-Design/keyboard-code/pico-sdk/src/rp2_common/hardware_timer/timer.c.obj
 .text.hardware_alarm_claim
                0x10001474       0x18 CMakeFiles/orionshands.dir/D_/Documents/Github/PCB-Design/keyboard-code/pico-sdk/src/rp2_common/hardware_timer/timer.c.obj
                0x10001474                hardware_alarm_claim
 .text.time_us_64
                0x1000148c       0x14 CMakeFiles/orionshands.dir/D_/Documents/Github/PCB-Design/keyboard-code/pico-sdk/src/rp2_common/hardware_timer/timer.c.obj
                0x1000148c                time_us_64
 .text.hardware_alarm_set_callback
                0x100014a0       0x8c CMakeFiles/orionshands.dir/D_/Documents/Github/PCB-Design/keyboard-code/pico-sdk/src/rp2_common/hardware_timer/timer.c.obj
                0x100014a0                hardware_alarm_set_callback
 .text.hardware_alarm_set_target
                0x1000152c       0xdc CMakeFiles/orionshands.dir/D_/Documents/Github/PCB-Design/keyboard-code/pico-sdk/src/rp2_common/hardware_timer/timer.c.obj
                0x1000152c                hardware_alarm_set_target
 .text.hardware_alarm_cancel
                0x10001608       0x3c CMakeFiles/orionshands.dir/D_/Documents/Github/PCB-Design/keyboard-code/pico-sdk/src/rp2_common/hardware_timer/timer.c.obj
                0x10001608                hardware_alarm_cancel
 .text.ph_merge_nodes
                0x10001644       0x64 CMakeFiles/orionshands.dir/D_/Documents/Github/PCB-Design/keyboard-code/pico-sdk/src/common/pico_util/pheap.c.obj
 .text.ph_post_alloc_init
                0x100016a8       0x3c CMakeFiles/orionshands.dir/D_/Documents/Github/PCB-Design/keyboard-code/pico-sdk/src/common/pico_util/pheap.c.obj
                0x100016a8                ph_post_alloc_init
 .text.ph_merge_two_pass
                0x100016e4       0x98 CMakeFiles/orionshands.dir/D_/Documents/Github/PCB-Design/keyboard-code/pico-sdk/src/common/pico_util/pheap.c.obj
                0x100016e4                ph_merge_two_pass
 .text.ph_remove_any_head
                0x1000177c      0x12c CMakeFiles/orionshands.dir/D_/Documents/Github/PCB-Design/keyboard-code/pico-sdk/src/common/pico_util/pheap.c.obj
 .text.ph_remove_head
                0x100018a8      0x130 CMakeFiles/orionshands.dir/D_/Documents/Github/PCB-Design/keyboard-code/pico-sdk/src/common/pico_util/pheap.c.obj
                0x100018a8                ph_remove_head
 .text.ph_remove_and_free_node
                0x100019d8       0x78 CMakeFiles/orionshands.dir/D_/Documents/Github/PCB-Design/keyboard-code/pico-sdk/src/common/pico_util/pheap.c.obj
                0x100019d8                ph_remove_and_free_node
 .text.mutex_init
                0x10001a50       0x1c CMakeFiles/orionshands.dir/D_/Documents/Github/PCB-Design/keyboard-code/pico-sdk/src/common/pico_sync/mutex.c.obj
                0x10001a50                mutex_init
 .text.recursive_mutex_init
                0x10001a6c       0x1c CMakeFiles/orionshands.dir/D_/Documents/Github/PCB-Design/keyboard-code/pico-sdk/src/common/pico_sync/mutex.c.obj
                0x10001a6c                recursive_mutex_init
 .text.critical_section_init
                0x10001a88       0x1c CMakeFiles/orionshands.dir/D_/Documents/Github/PCB-Design/keyboard-code/pico-sdk/src/common/pico_sync/critical_section.c.obj
                0x10001a88                critical_section_init
 .text.runtime_init
                0x10001aa4       0xf0 CMakeFiles/orionshands.dir/D_/Documents/Github/PCB-Design/keyboard-code/pico-sdk/src/rp2_common/pico_runtime/runtime.c.obj
                0x10001aa4                runtime_init
 .text.exit     0x10001b94        0x4 CMakeFiles/orionshands.dir/D_/Documents/Github/PCB-Design/keyboard-code/pico-sdk/src/rp2_common/pico_runtime/runtime.c.obj
                0x10001b94                exit
 .text.panic    0x10001b98       0x30 CMakeFiles/orionshands.dir/D_/Documents/Github/PCB-Design/keyboard-code/pico-sdk/src/rp2_common/pico_runtime/runtime.c.obj
                0x10001b98                panic
 .text.hard_assertion_failure
                0x10001bc8        0xc CMakeFiles/orionshands.dir/D_/Documents/Github/PCB-Design/keyboard-code/pico-sdk/src/rp2_common/pico_runtime/runtime.c.obj
                0x10001bc8                hard_assertion_failure
 .text.clocks_init
                0x10001bd4      0x2b4 CMakeFiles/orionshands.dir/D_/Documents/Github/PCB-Design/keyboard-code/pico-sdk/src/rp2_common/hardware_clocks/clocks.c.obj
                0x10001bd4                clocks_init
 .text.pll_init
                0x10001e88       0xa8 CMakeFiles/orionshands.dir/D_/Documents/Github/PCB-Design/keyboard-code/pico-sdk/src/rp2_common/hardware_pll/pll.c.obj
                0x10001e88                pll_init
 .text.watchdog_start_tick
                0x10001f30       0x10 CMakeFiles/orionshands.dir/D_/Documents/Github/PCB-Design/keyboard-code/pico-sdk/src/rp2_common/hardware_watchdog/watchdog.c.obj
                0x10001f30                watchdog_start_tick
 .text.watchdog_reboot
                0x10001f40       0x9c CMakeFiles/orionshands.dir/D_/Documents/Github/PCB-Design/keyboard-code/pico-sdk/src/rp2_common/hardware_watchdog/watchdog.c.obj
                0x10001f40                watchdog_reboot
 .text.xosc_init
                0x10001fdc       0x28 CMakeFiles/orionshands.dir/D_/Documents/Github/PCB-Design/keyboard-code/pico-sdk/src/rp2_common/hardware_xosc/xosc.c.obj
                0x10001fdc                xosc_init
 .text._out_null
                0x10002004        0x4 CMakeFiles/orionshands.dir/D_/Documents/Github/PCB-Design/keyboard-code/pico-sdk/src/rp2_common/pico_printf/printf.c.obj
 .text._out_rev
                0x10002008       0x90 CMakeFiles/orionshands.dir/D_/Documents/Github/PCB-Design/keyboard-code/pico-sdk/src/rp2_common/pico_printf/printf.c.obj
 .text._ntoa_format
                0x10002098      0x1f4 CMakeFiles/orionshands.dir/D_/Documents/Github/PCB-Design/keyboard-code/pico-sdk/src/rp2_common/pico_printf/printf.c.obj
 .text._out_char
                0x1000228c       0x10 CMakeFiles/orionshands.dir/D_/Documents/Github/PCB-Design/keyboard-code/pico-sdk/src/rp2_common/pico_printf/printf.c.obj
 .text._out_fct
                0x1000229c       0x10 CMakeFiles/orionshands.dir/D_/Documents/Github/PCB-Design/keyboard-code/pico-sdk/src/rp2_common/pico_printf/printf.c.obj
 .text._etoa    0x100022ac      0x454 CMakeFiles/orionshands.dir/D_/Documents/Github/PCB-Design/keyboard-code/pico-sdk/src/rp2_common/pico_printf/printf.c.obj
 .text._ftoa    0x10002700      0x3c4 CMakeFiles/orionshands.dir/D_/Documents/Github/PCB-Design/keyboard-code/pico-sdk/src/rp2_common/pico_printf/printf.c.obj
 .text._vsnprintf
                0x10002ac4      0xb24 CMakeFiles/orionshands.dir/D_/Documents/Github/PCB-Design/keyboard-code/pico-sdk/src/rp2_common/pico_printf/printf.c.obj
 .text.vfctprintf
                0x100035e8       0x20 CMakeFiles/orionshands.dir/D_/Documents/Github/PCB-Design/keyboard-code/pico-sdk/src/rp2_common/pico_printf/printf.c.obj
                0x100035e8                vfctprintf
 .text.weak_raw_vprintf
                0x10003608       0x30 CMakeFiles/orionshands.dir/D_/Documents/Github/PCB-Design/keyboard-code/pico-sdk/src/rp2_common/pico_printf/printf.c.obj
                0x10003608                weak_raw_vprintf
 .text          0x10003638       0x10 CMakeFiles/orionshands.dir/D_/Documents/Github/PCB-Design/keyboard-code/pico-sdk/src/rp2_common/pico_bit_ops/bit_ops_aeabi.S.obj
 .text.rom_func_lookup
                0x10003648       0x10 CMakeFiles/orionshands.dir/D_/Documents/Github/PCB-Design/keyboard-code/pico-sdk/src/rp2_common/pico_bootrom/bootrom.c.obj
                0x10003648                rom_func_lookup
 .text.rom_data_lookup
                0x10003658       0x10 CMakeFiles/orionshands.dir/D_/Documents/Github/PCB-Design/keyboard-code/pico-sdk/src/rp2_common/pico_bootrom/bootrom.c.obj
                0x10003658                rom_data_lookup
 .text.rom_funcs_lookup
                0x10003668       0x44 CMakeFiles/orionshands.dir/D_/Documents/Github/PCB-Design/keyboard-code/pico-sdk/src/rp2_common/pico_bootrom/bootrom.c.obj
                0x10003668                rom_funcs_lookup
 .text.__wrap___aeabi_idiv
                0x100036ac       0x50 CMakeFiles/orionshands.dir/D_/Documents/Github/PCB-Design/keyboard-code/pico-sdk/src/rp2_common/pico_divider/divider.S.obj
                0x100036ac                __wrap___aeabi_idivmod
                0x100036ac                divmod_s32s32
                0x100036ac                div_s32s32
                0x100036ac                __wrap___aeabi_idiv
                0x100036b4                divmod_s32s32_unsafe
                0x100036e0                divmod_s32s32_savestate
 .text.__wrap___aeabi_uidiv
                0x100036fc       0x4c CMakeFiles/orionshands.dir/D_/Documents/Github/PCB-Design/keyboard-code/pico-sdk/src/rp2_common/pico_divider/divider.S.obj
                0x100036fc                __wrap___aeabi_uidiv
                0x100036fc                __wrap___aeabi_uidivmod
                0x100036fc                div_u32u32
                0x100036fc                divmod_u32u32
                0x10003704                divmod_u32u32_unsafe
                0x1000372c                divmod_u32u32_savestate
 .text.__wrap___aeabi_ldiv
                0x10003748      0x434 CMakeFiles/orionshands.dir/D_/Documents/Github/PCB-Design/keyboard-code/pico-sdk/src/rp2_common/pico_divider/divider.S.obj
                0x10003748                div_s64s64
                0x10003748                divmod_s64s64
                0x10003748                __wrap___aeabi_ldivmod
                0x10003780                divmod_u64u64
                0x10003780                div_u64u64
                0x10003780                __wrap___aeabi_uldivmod
                0x10003790                divmod_u64u64_savestate
                0x100037b8                divmod_s64s64_unsafe
                0x10003840                divmod_u64u64_unsafe
 .text.__wrap___aeabi_darithmetic
                0x10003b7c       0x80 CMakeFiles/orionshands.dir/D_/Documents/Github/PCB-Design/keyboard-code/pico-sdk/src/rp2_common/pico_double/double_aeabi.S.obj
                0x10003b7c                __wrap___aeabi_drsub
                0x10003b82                __wrap___aeabi_dsub
                0x10003b94                __wrap___aeabi_dadd
                0x10003ba6                __wrap___aeabi_ddiv
                0x10003be2                __wrap___aeabi_dmul
 .text.__wrap___aeabi_cdcmple
                0x10003bfc       0x6c CMakeFiles/orionshands.dir/D_/Documents/Github/PCB-Design/keyboard-code/pico-sdk/src/rp2_common/pico_double/double_aeabi.S.obj
                0x10003bfc                __wrap___aeabi_cdrcmple
                0x10003c0c                __wrap___aeabi_cdcmpeq
                0x10003c0c                __wrap___aeabi_cdcmple
 .text.__wrap___aeabi_dcmplt
                0x10003c68        0xc CMakeFiles/orionshands.dir/D_/Documents/Github/PCB-Design/keyboard-code/pico-sdk/src/rp2_common/pico_double/double_aeabi.S.obj
                0x10003c68                __wrap___aeabi_dcmplt
 .text.__wrap___aeabi_dcmpge
                0x10003c74       0x10 CMakeFiles/orionshands.dir/D_/Documents/Github/PCB-Design/keyboard-code/pico-sdk/src/rp2_common/pico_double/double_aeabi.S.obj
                0x10003c74                __wrap___aeabi_dcmpge
 .text.__wrap___aeabi_dcmpgt
                0x10003c84        0xa CMakeFiles/orionshands.dir/D_/Documents/Github/PCB-Design/keyboard-code/pico-sdk/src/rp2_common/pico_double/double_aeabi.S.obj
                0x10003c84                __wrap___aeabi_dcmpgt
 .text.__wrap___aeabi_dcmpun
                0x10003c8e       0x1c CMakeFiles/orionshands.dir/D_/Documents/Github/PCB-Design/keyboard-code/pico-sdk/src/rp2_common/pico_double/double_aeabi.S.obj
                0x10003c8e                __wrap___aeabi_dcmpun
 *fill*         0x10003caa        0x2 
 .text.__wrap___aeabi_i2d
                0x10003cac       0x38 CMakeFiles/orionshands.dir/D_/Documents/Github/PCB-Design/keyboard-code/pico-sdk/src/rp2_common/pico_double/double_aeabi.S.obj
                0x10003cac                __wrap___aeabi_ui2d
                0x10003cb4                __wrap___aeabi_i2d
 .text.__wrap___aeabi_d2iz
                0x10003ce4       0x48 CMakeFiles/orionshands.dir/D_/Documents/Github/PCB-Design/keyboard-code/pico-sdk/src/rp2_common/pico_double/double_aeabi.S.obj
                0x10003ce4                double2int_z
                0x10003ce4                __wrap___aeabi_d2iz
 .text.__wrap___aeabi_d2uiz
                0x10003d2c       0x18 CMakeFiles/orionshands.dir/D_/Documents/Github/PCB-Design/keyboard-code/pico-sdk/src/rp2_common/pico_double/double_aeabi.S.obj
                0x10003d2c                __wrap___aeabi_d2uiz
                0x10003d2c                double2uint
 .text.__aeabi_double_init
                0x10003d44       0x98 CMakeFiles/orionshands.dir/D_/Documents/Github/PCB-Design/keyboard-code/pico-sdk/src/rp2_common/pico_double/double_init_rom.c.obj
                0x10003d44                __aeabi_double_init
 .text.double_table_shim_on_use_helper
                0x10003ddc       0x2c CMakeFiles/orionshands.dir/D_/Documents/Github/PCB-Design/keyboard-code/pico-sdk/src/rp2_common/pico_double/double_v1_rom_shim.S.obj
                0x10003ddc                double_table_shim_on_use_helper
 .text.__wrap___aeabi_dsub
                0x10003e08       0x10 CMakeFiles/orionshands.dir/D_/Documents/Github/PCB-Design/keyboard-code/pico-sdk/src/rp2_common/pico_double/double_v1_rom_shim.S.obj
                0x10003e08                drsub_shim
                0x10003e0e                dsub_shim
 .text.dadd_shim
                0x10003e18      0x15c CMakeFiles/orionshands.dir/D_/Documents/Github/PCB-Design/keyboard-code/pico-sdk/src/rp2_common/pico_double/double_v1_rom_shim.S.obj
                0x10003e18                dadd_shim
 .text.dmul_shim
                0x10003f74      0x15c CMakeFiles/orionshands.dir/D_/Documents/Github/PCB-Design/keyboard-code/pico-sdk/src/rp2_common/pico_double/double_v1_rom_shim.S.obj
                0x10003f74                dmul_shim
 .text.ddiv_shim
                0x100040d0      0x1b0 CMakeFiles/orionshands.dir/D_/Documents/Github/PCB-Design/keyboard-code/pico-sdk/src/rp2_common/pico_double/double_v1_rom_shim.S.obj
                0x100040d0                ddiv_shim
 .text.double2uint_shim
                0x10004280        0xe CMakeFiles/orionshands.dir/D_/Documents/Github/PCB-Design/keyboard-code/pico-sdk/src/rp2_common/pico_double/double_v1_rom_shim.S.obj
                0x10004280                double2uint_shim
                0x10004282                double2ufix_shim
 *fill*         0x1000428e        0x2 
 .text.double2uint64_shim
                0x10004290       0x70 CMakeFiles/orionshands.dir/D_/Documents/Github/PCB-Design/keyboard-code/pico-sdk/src/rp2_common/pico_double/double_v1_rom_shim.S.obj
                0x10004290                double2uint64_shim
                0x10004292                double2ufix64_shim
                0x100042b2                d2fix_a
 .text.dunpacks
                0x10004300       0x3c CMakeFiles/orionshands.dir/D_/Documents/Github/PCB-Design/keyboard-code/pico-sdk/src/rp2_common/pico_double/double_v1_rom_shim.S.obj
                0x10004300                dunpacks
 .text.__aeabi_lmul
                0x1000433c       0x32 CMakeFiles/orionshands.dir/D_/Documents/Github/PCB-Design/keyboard-code/pico-sdk/src/rp2_common/pico_int64_ops/pico_int64_ops_aeabi.S.obj
                0x1000433c                __wrap___aeabi_lmul
 *fill*         0x1000436e        0x2 
 .text.__aeabi_float_init
                0x10004370       0x64 CMakeFiles/orionshands.dir/D_/Documents/Github/PCB-Design/keyboard-code/pico-sdk/src/rp2_common/pico_float/float_init_rom.c.obj
                0x10004370                __aeabi_float_init
 .text.float_table_shim_on_use_helper
                0x100043d4       0x2c CMakeFiles/orionshands.dir/D_/Documents/Github/PCB-Design/keyboard-code/pico-sdk/src/rp2_common/pico_float/float_v1_rom_shim.S.obj
                0x100043d4                float_table_shim_on_use_helper
 .text          0x10004400       0x10 CMakeFiles/orionshands.dir/D_/Documents/Github/PCB-Design/keyboard-code/pico-sdk/src/rp2_common/pico_mem_ops/mem_ops_aeabi.S.obj
                0x10004400                __aeabi_mem_init
 .text.memset   0x10004410        0xc CMakeFiles/orionshands.dir/D_/Documents/Github/PCB-Design/keyboard-code/pico-sdk/src/rp2_common/pico_mem_ops/mem_ops_aeabi.S.obj
                0x10004410                __wrap_memset
 .text.memcpy   0x1000441c        0xc CMakeFiles/orionshands.dir/D_/Documents/Github/PCB-Design/keyboard-code/pico-sdk/src/rp2_common/pico_mem_ops/mem_ops_aeabi.S.obj
                0x1000441c                __wrap_memcpy
                0x1000441c                __wrap___aeabi_memcpy
 .text.stdio_out_chars_crlf
                0x10004428       0xbc CMakeFiles/orionshands.dir/D_/Documents/Github/PCB-Design/keyboard-code/pico-sdk/src/rp2_common/pico_stdio/stdio.c.obj
 .text.stdio_buffered_printer
                0x100044e4       0x64 CMakeFiles/orionshands.dir/D_/Documents/Github/PCB-Design/keyboard-code/pico-sdk/src/rp2_common/pico_stdio/stdio.c.obj
 .text.__wrap_putchar
                0x10004548       0xa4 CMakeFiles/orionshands.dir/D_/Documents/Github/PCB-Design/keyboard-code/pico-sdk/src/rp2_common/pico_stdio/stdio.c.obj
                0x10004548                __wrap_putchar
 .text.__wrap_puts
                0x100045ec       0xe8 CMakeFiles/orionshands.dir/D_/Documents/Github/PCB-Design/keyboard-code/pico-sdk/src/rp2_common/pico_stdio/stdio.c.obj
                0x100045ec                __wrap_puts
 .text.stdio_set_driver_enabled
                0x100046d4       0x30 CMakeFiles/orionshands.dir/D_/Documents/Github/PCB-Design/keyboard-code/pico-sdk/src/rp2_common/pico_stdio/stdio.c.obj
                0x100046d4                stdio_set_driver_enabled
 .text.__wrap_vprintf
                0x10004704       0xd4 CMakeFiles/orionshands.dir/D_/Documents/Github/PCB-Design/keyboard-code/pico-sdk/src/rp2_common/pico_stdio/stdio.c.obj
                0x10004704                __wrap_vprintf
 .text.__wrap_printf
                0x100047d8       0x18 CMakeFiles/orionshands.dir/D_/Documents/Github/PCB-Design/keyboard-code/pico-sdk/src/rp2_common/pico_stdio/stdio.c.obj
                0x100047d8                __wrap_printf
 .text.stdio_init_all
                0x100047f0        0x8 CMakeFiles/orionshands.dir/D_/Documents/Github/PCB-Design/keyboard-code/pico-sdk/src/rp2_common/pico_stdio/stdio.c.obj
                0x100047f0                stdio_init_all
 .text.resetd_init
                0x100047f8        0x4 CMakeFiles/orionshands.dir/D_/Documents/Github/PCB-Design/keyboard-code/pico-sdk/src/rp2_common/pico_stdio_usb/reset_interface.c.obj
 .text.resetd_reset
                0x100047fc        0xc CMakeFiles/orionshands.dir/D_/Documents/Github/PCB-Design/keyboard-code/pico-sdk/src/rp2_common/pico_stdio_usb/reset_interface.c.obj
 .text.resetd_open
                0x10004808       0x28 CMakeFiles/orionshands.dir/D_/Documents/Github/PCB-Design/keyboard-code/pico-sdk/src/rp2_common/pico_stdio_usb/reset_interface.c.obj
 .text.resetd_xfer_cb
                0x10004830        0x4 CMakeFiles/orionshands.dir/D_/Documents/Github/PCB-Design/keyboard-code/pico-sdk/src/rp2_common/pico_stdio_usb/reset_interface.c.obj
 .text.resetd_control_xfer_cb
                0x10004834       0x60 CMakeFiles/orionshands.dir/D_/Documents/Github/PCB-Design/keyboard-code/pico-sdk/src/rp2_common/pico_stdio_usb/reset_interface.c.obj
 .text.usbd_app_driver_get_cb
                0x10004894        0xc CMakeFiles/orionshands.dir/D_/Documents/Github/PCB-Design/keyboard-code/pico-sdk/src/rp2_common/pico_stdio_usb/reset_interface.c.obj
                0x10004894                usbd_app_driver_get_cb
 .text.tud_cdc_line_coding_cb
                0x100048a0       0x34 CMakeFiles/orionshands.dir/D_/Documents/Github/PCB-Design/keyboard-code/pico-sdk/src/rp2_common/pico_stdio_usb/reset_interface.c.obj
                0x100048a0                tud_cdc_line_coding_cb
 .text.stdio_usb_in_chars
                0x100048d4       0x68 CMakeFiles/orionshands.dir/D_/Documents/Github/PCB-Design/keyboard-code/pico-sdk/src/rp2_common/pico_stdio_usb/stdio_usb.c.obj
                0x100048d4                stdio_usb_in_chars
 .text.stdio_usb_out_chars
                0x1000493c       0xe8 CMakeFiles/orionshands.dir/D_/Documents/Github/PCB-Design/keyboard-code/pico-sdk/src/rp2_common/pico_stdio_usb/stdio_usb.c.obj
 .text.timer_task
                0x10004a24       0x18 CMakeFiles/orionshands.dir/D_/Documents/Github/PCB-Design/keyboard-code/pico-sdk/src/rp2_common/pico_stdio_usb/stdio_usb.c.obj
 .text.usb_irq  0x10004a3c       0x10 CMakeFiles/orionshands.dir/D_/Documents/Github/PCB-Design/keyboard-code/pico-sdk/src/rp2_common/pico_stdio_usb/stdio_usb.c.obj
 .text.low_priority_worker_irq
                0x10004a4c       0x24 CMakeFiles/orionshands.dir/D_/Documents/Github/PCB-Design/keyboard-code/pico-sdk/src/rp2_common/pico_stdio_usb/stdio_usb.c.obj
 .text.stdio_usb_init
                0x10004a70       0xb0 CMakeFiles/orionshands.dir/D_/Documents/Github/PCB-Design/keyboard-code/pico-sdk/src/rp2_common/pico_stdio_usb/stdio_usb.c.obj
                0x10004a70                stdio_usb_init
 .text.tud_descriptor_device_cb
                0x10004b20        0x8 CMakeFiles/orionshands.dir/D_/Documents/Github/PCB-Design/keyboard-code/pico-sdk/src/rp2_common/pico_stdio_usb/stdio_usb_descriptors.c.obj
                0x10004b20                tud_descriptor_device_cb
 .text.tud_descriptor_configuration_cb
                0x10004b28        0x8 CMakeFiles/orionshands.dir/D_/Documents/Github/PCB-Design/keyboard-code/pico-sdk/src/rp2_common/pico_stdio_usb/stdio_usb_descriptors.c.obj
                0x10004b28                tud_descriptor_configuration_cb
 .text.tud_descriptor_string_cb
                0x10004b30       0x78 CMakeFiles/orionshands.dir/D_/Documents/Github/PCB-Design/keyboard-code/pico-sdk/src/rp2_common/pico_stdio_usb/stdio_usb_descriptors.c.obj
                0x10004b30                tud_descriptor_string_cb
 .text.dcd_rp2040_irq
                0x10004ba8      0x1d0 CMakeFiles/orionshands.dir/D_/Documents/Github/PCB-Design/keyboard-code/pico-sdk/lib/tinyusb/src/portable/raspberrypi/rp2040/dcd_rp2040.c.obj
 .text.dcd_int_enable
                0x10004d78        0xc CMakeFiles/orionshands.dir/D_/Documents/Github/PCB-Design/keyboard-code/pico-sdk/lib/tinyusb/src/portable/raspberrypi/rp2040/dcd_rp2040.c.obj
                0x10004d78                dcd_int_enable
 .text.dcd_set_address
                0x10004d84       0x14 CMakeFiles/orionshands.dir/D_/Documents/Github/PCB-Design/keyboard-code/pico-sdk/lib/tinyusb/src/portable/raspberrypi/rp2040/dcd_rp2040.c.obj
                0x10004d84                dcd_set_address
 .text.dcd_connect
                0x10004d98       0x10 CMakeFiles/orionshands.dir/D_/Documents/Github/PCB-Design/keyboard-code/pico-sdk/lib/tinyusb/src/portable/raspberrypi/rp2040/dcd_rp2040.c.obj
                0x10004d98                dcd_connect
 .text.dcd_init
                0x10004da8       0xf0 CMakeFiles/orionshands.dir/D_/Documents/Github/PCB-Design/keyboard-code/pico-sdk/lib/tinyusb/src/portable/raspberrypi/rp2040/dcd_rp2040.c.obj
                0x10004da8                dcd_init
 .text.dcd_edpt0_status_complete
                0x10004e98       0x1c CMakeFiles/orionshands.dir/D_/Documents/Github/PCB-Design/keyboard-code/pico-sdk/lib/tinyusb/src/portable/raspberrypi/rp2040/dcd_rp2040.c.obj
                0x10004e98                dcd_edpt0_status_complete
 .text.dcd_edpt_open
                0x10004eb4       0xf0 CMakeFiles/orionshands.dir/D_/Documents/Github/PCB-Design/keyboard-code/pico-sdk/lib/tinyusb/src/portable/raspberrypi/rp2040/dcd_rp2040.c.obj
                0x10004eb4                dcd_edpt_open
 .text.dcd_edpt_close_all
                0x10004fa4       0x68 CMakeFiles/orionshands.dir/D_/Documents/Github/PCB-Design/keyboard-code/pico-sdk/lib/tinyusb/src/portable/raspberrypi/rp2040/dcd_rp2040.c.obj
                0x10004fa4                dcd_edpt_close_all
 .text.dcd_edpt_xfer
                0x1000500c       0x24 CMakeFiles/orionshands.dir/D_/Documents/Github/PCB-Design/keyboard-code/pico-sdk/lib/tinyusb/src/portable/raspberrypi/rp2040/dcd_rp2040.c.obj
                0x1000500c                dcd_edpt_xfer
 .text.dcd_edpt_stall
                0x10005030       0x38 CMakeFiles/orionshands.dir/D_/Documents/Github/PCB-Design/keyboard-code/pico-sdk/lib/tinyusb/src/portable/raspberrypi/rp2040/dcd_rp2040.c.obj
                0x10005030                dcd_edpt_stall
 .text.dcd_edpt_clear_stall
                0x10005068       0x30 CMakeFiles/orionshands.dir/D_/Documents/Github/PCB-Design/keyboard-code/pico-sdk/lib/tinyusb/src/portable/raspberrypi/rp2040/dcd_rp2040.c.obj
                0x10005068                dcd_edpt_clear_stall
 .text._hw_endpoint_buffer_control_update32.part.0.isra.0
                0x10005098       0x1c CMakeFiles/orionshands.dir/D_/Documents/Github/PCB-Design/keyboard-code/pico-sdk/lib/tinyusb/src/portable/raspberrypi/rp2040/rp2040_usb.c.obj
 .text.rp2040_usb_init
                0x100050b4       0x4c CMakeFiles/orionshands.dir/D_/Documents/Github/PCB-Design/keyboard-code/pico-sdk/lib/tinyusb/src/portable/raspberrypi/rp2040/rp2040_usb.c.obj
                0x100050b4                rp2040_usb_init
 .text.hw_endpoint_reset_transfer
                0x10005100        0xc CMakeFiles/orionshands.dir/D_/Documents/Github/PCB-Design/keyboard-code/pico-sdk/lib/tinyusb/src/portable/raspberrypi/rp2040/rp2040_usb.c.obj
                0x10005100                hw_endpoint_reset_transfer
 .text._hw_endpoint_buffer_control_update32
                0x1000510c       0x44 CMakeFiles/orionshands.dir/D_/Documents/Github/PCB-Design/keyboard-code/pico-sdk/lib/tinyusb/src/portable/raspberrypi/rp2040/rp2040_usb.c.obj
                0x1000510c                _hw_endpoint_buffer_control_update32
 .text.hw_endpoint_xfer_start
                0x10005150      0x138 CMakeFiles/orionshands.dir/D_/Documents/Github/PCB-Design/keyboard-code/pico-sdk/lib/tinyusb/src/portable/raspberrypi/rp2040/rp2040_usb.c.obj
                0x10005150                hw_endpoint_xfer_start
 .text.hw_endpoint_xfer_continue
                0x10005288      0x1dc CMakeFiles/orionshands.dir/D_/Documents/Github/PCB-Design/keyboard-code/pico-sdk/lib/tinyusb/src/portable/raspberrypi/rp2040/rp2040_usb.c.obj
                0x10005288                hw_endpoint_xfer_continue
 .text.tud_mounted
                0x10005464       0x10 CMakeFiles/orionshands.dir/D_/Documents/Github/PCB-Design/keyboard-code/pico-sdk/lib/tinyusb/src/device/usbd.c.obj
                0x10005464                tud_mounted
 .text.tud_suspended
                0x10005474       0x10 CMakeFiles/orionshands.dir/D_/Documents/Github/PCB-Design/keyboard-code/pico-sdk/lib/tinyusb/src/device/usbd.c.obj
                0x10005474                tud_suspended
 .text.tud_inited
                0x10005484        0xc CMakeFiles/orionshands.dir/D_/Documents/Github/PCB-Design/keyboard-code/pico-sdk/lib/tinyusb/src/device/usbd.c.obj
                0x10005484                tud_inited
 .text.tud_init
                0x10005490       0xe0 CMakeFiles/orionshands.dir/D_/Documents/Github/PCB-Design/keyboard-code/pico-sdk/lib/tinyusb/src/device/usbd.c.obj
                0x10005490                tud_init
 .text.tud_task
                0x10005570      0x8f0 CMakeFiles/orionshands.dir/D_/Documents/Github/PCB-Design/keyboard-code/pico-sdk/lib/tinyusb/src/device/usbd.c.obj
                0x10005570                tud_task
 .text.dcd_event_bus_signal
                0x10005e60      0x124 CMakeFiles/orionshands.dir/D_/Documents/Github/PCB-Design/keyboard-code/pico-sdk/lib/tinyusb/src/device/usbd.c.obj
                0x10005e60                dcd_event_bus_signal
 .text.dcd_event_bus_reset
                0x10005f84       0x58 CMakeFiles/orionshands.dir/D_/Documents/Github/PCB-Design/keyboard-code/pico-sdk/lib/tinyusb/src/device/usbd.c.obj
                0x10005f84                dcd_event_bus_reset
 .text.dcd_event_setup_received
                0x10005fdc       0x50 CMakeFiles/orionshands.dir/D_/Documents/Github/PCB-Design/keyboard-code/pico-sdk/lib/tinyusb/src/device/usbd.c.obj
                0x10005fdc                dcd_event_setup_received
 .text.dcd_event_xfer_complete
                0x1000602c       0x68 CMakeFiles/orionshands.dir/D_/Documents/Github/PCB-Design/keyboard-code/pico-sdk/lib/tinyusb/src/device/usbd.c.obj
                0x1000602c                dcd_event_xfer_complete
 .text.usbd_open_edpt_pair
                0x10006094       0x94 CMakeFiles/orionshands.dir/D_/Documents/Github/PCB-Design/keyboard-code/pico-sdk/lib/tinyusb/src/device/usbd.c.obj
                0x10006094                usbd_open_edpt_pair
 .text.usbd_edpt_open
                0x10006128       0x30 CMakeFiles/orionshands.dir/D_/Documents/Github/PCB-Design/keyboard-code/pico-sdk/lib/tinyusb/src/device/usbd.c.obj
                0x10006128                usbd_edpt_open
 .text.usbd_edpt_claim
                0x10006158       0x64 CMakeFiles/orionshands.dir/D_/Documents/Github/PCB-Design/keyboard-code/pico-sdk/lib/tinyusb/src/device/usbd.c.obj
                0x10006158                usbd_edpt_claim
 .text.usbd_edpt_release
                0x100061bc       0x4c CMakeFiles/orionshands.dir/D_/Documents/Github/PCB-Design/keyboard-code/pico-sdk/lib/tinyusb/src/device/usbd.c.obj
                0x100061bc                usbd_edpt_release
 .text.usbd_edpt_xfer
                0x10006208       0x44 CMakeFiles/orionshands.dir/D_/Documents/Github/PCB-Design/keyboard-code/pico-sdk/lib/tinyusb/src/device/usbd.c.obj
                0x10006208                usbd_edpt_xfer
 .text.tud_control_status
                0x1000624c       0x2c CMakeFiles/orionshands.dir/D_/Documents/Github/PCB-Design/keyboard-code/pico-sdk/lib/tinyusb/src/device/usbd_control.c.obj
                0x1000624c                tud_control_status
 .text.tud_control_xfer
                0x10006278       0xac CMakeFiles/orionshands.dir/D_/Documents/Github/PCB-Design/keyboard-code/pico-sdk/lib/tinyusb/src/device/usbd_control.c.obj
                0x10006278                tud_control_xfer
 .text.usbd_control_reset
                0x10006324       0x14 CMakeFiles/orionshands.dir/D_/Documents/Github/PCB-Design/keyboard-code/pico-sdk/lib/tinyusb/src/device/usbd_control.c.obj
                0x10006324                usbd_control_reset
 .text.usbd_control_set_complete_callback
                0x10006338        0xc CMakeFiles/orionshands.dir/D_/Documents/Github/PCB-Design/keyboard-code/pico-sdk/lib/tinyusb/src/device/usbd_control.c.obj
                0x10006338                usbd_control_set_complete_callback
 .text.usbd_control_set_request
                0x10006344       0x1c CMakeFiles/orionshands.dir/D_/Documents/Github/PCB-Design/keyboard-code/pico-sdk/lib/tinyusb/src/device/usbd_control.c.obj
                0x10006344                usbd_control_set_request
 .text.usbd_control_xfer_cb
                0x10006360       0xf4 CMakeFiles/orionshands.dir/D_/Documents/Github/PCB-Design/keyboard-code/pico-sdk/lib/tinyusb/src/device/usbd_control.c.obj
                0x10006360                usbd_control_xfer_cb
 .text.tud_cdc_n_connected
                0x10006454       0x30 CMakeFiles/orionshands.dir/D_/Documents/Github/PCB-Design/keyboard-code/pico-sdk/lib/tinyusb/src/class/cdc/cdc_device.c.obj
                0x10006454                tud_cdc_n_connected
 .text.tud_cdc_n_available
                0x10006484       0x18 CMakeFiles/orionshands.dir/D_/Documents/Github/PCB-Design/keyboard-code/pico-sdk/lib/tinyusb/src/class/cdc/cdc_device.c.obj
                0x10006484                tud_cdc_n_available
 .text.tud_cdc_n_read
                0x1000649c       0x70 CMakeFiles/orionshands.dir/D_/Documents/Github/PCB-Design/keyboard-code/pico-sdk/lib/tinyusb/src/class/cdc/cdc_device.c.obj
                0x1000649c                tud_cdc_n_read
 .text.tud_cdc_n_write_flush
                0x1000650c       0x78 CMakeFiles/orionshands.dir/D_/Documents/Github/PCB-Design/keyboard-code/pico-sdk/lib/tinyusb/src/class/cdc/cdc_device.c.obj
                0x1000650c                tud_cdc_n_write_flush
 .text.tud_cdc_n_write
                0x10006584       0x34 CMakeFiles/orionshands.dir/D_/Documents/Github/PCB-Design/keyboard-code/pico-sdk/lib/tinyusb/src/class/cdc/cdc_device.c.obj
                0x10006584                tud_cdc_n_write
 .text.tud_cdc_n_write_available
                0x100065b8       0x18 CMakeFiles/orionshands.dir/D_/Documents/Github/PCB-Design/keyboard-code/pico-sdk/lib/tinyusb/src/class/cdc/cdc_device.c.obj
                0x100065b8                tud_cdc_n_write_available
 .text.cdcd_init
                0x100065d0       0x7c CMakeFiles/orionshands.dir/D_/Documents/Github/PCB-Design/keyboard-code/pico-sdk/lib/tinyusb/src/class/cdc/cdc_device.c.obj
                0x100065d0                cdcd_init
 .text.cdcd_reset
                0x1000664c       0x2c CMakeFiles/orionshands.dir/D_/Documents/Github/PCB-Design/keyboard-code/pico-sdk/lib/tinyusb/src/class/cdc/cdc_device.c.obj
                0x1000664c                cdcd_reset
 .text.cdcd_open
                0x10006678       0xe4 CMakeFiles/orionshands.dir/D_/Documents/Github/PCB-Design/keyboard-code/pico-sdk/lib/tinyusb/src/class/cdc/cdc_device.c.obj
                0x10006678                cdcd_open
 .text.cdcd_control_xfer_cb
                0x1000675c       0xe4 CMakeFiles/orionshands.dir/D_/Documents/Github/PCB-Design/keyboard-code/pico-sdk/lib/tinyusb/src/class/cdc/cdc_device.c.obj
                0x1000675c                cdcd_control_xfer_cb
 .text.cdcd_xfer_cb
                0x10006840      0x13c CMakeFiles/orionshands.dir/D_/Documents/Github/PCB-Design/keyboard-code/pico-sdk/lib/tinyusb/src/class/cdc/cdc_device.c.obj
                0x10006840                cdcd_xfer_cb
 .text.tusb_init
                0x1000697c        0xc CMakeFiles/orionshands.dir/D_/Documents/Github/PCB-Design/keyboard-code/pico-sdk/lib/tinyusb/src/tusb.c.obj
                0x1000697c                tusb_init
 .text.tusb_inited
                0x10006988        0x8 CMakeFiles/orionshands.dir/D_/Documents/Github/PCB-Design/keyboard-code/pico-sdk/lib/tinyusb/src/tusb.c.obj
                0x10006988                tusb_inited
 .text.tu_edpt_validate
                0x10006990       0x80 CMakeFiles/orionshands.dir/D_/Documents/Github/PCB-Design/keyboard-code/pico-sdk/lib/tinyusb/src/tusb.c.obj
                0x10006990                tu_edpt_validate
 .text.tu_edpt_bind_driver
                0x10006a10       0x2c CMakeFiles/orionshands.dir/D_/Documents/Github/PCB-Design/keyboard-code/pico-sdk/lib/tinyusb/src/tusb.c.obj
                0x10006a10                tu_edpt_bind_driver
 .text.tu_fifo_config
                0x10006a3c       0x74 CMakeFiles/orionshands.dir/D_/Documents/Github/PCB-Design/keyboard-code/pico-sdk/lib/tinyusb/src/common/tusb_fifo.c.obj
                0x10006a3c                tu_fifo_config
 .text.tu_fifo_count
                0x10006ab0       0x20 CMakeFiles/orionshands.dir/D_/Documents/Github/PCB-Design/keyboard-code/pico-sdk/lib/tinyusb/src/common/tusb_fifo.c.obj
                0x10006ab0                tu_fifo_count
 .text.tu_fifo_empty
                0x10006ad0       0x10 CMakeFiles/orionshands.dir/D_/Documents/Github/PCB-Design/keyboard-code/pico-sdk/lib/tinyusb/src/common/tusb_fifo.c.obj
                0x10006ad0                tu_fifo_empty
 .text.tu_fifo_remaining
                0x10006ae0       0x1c CMakeFiles/orionshands.dir/D_/Documents/Github/PCB-Design/keyboard-code/pico-sdk/lib/tinyusb/src/common/tusb_fifo.c.obj
                0x10006ae0                tu_fifo_remaining
 .text.tu_fifo_read
                0x10006afc       0xa4 CMakeFiles/orionshands.dir/D_/Documents/Github/PCB-Design/keyboard-code/pico-sdk/lib/tinyusb/src/common/tusb_fifo.c.obj
                0x10006afc                tu_fifo_read
 .text.tu_fifo_read_n
                0x10006ba0      0x100 CMakeFiles/orionshands.dir/D_/Documents/Github/PCB-Design/keyboard-code/pico-sdk/lib/tinyusb/src/common/tusb_fifo.c.obj
                0x10006ba0                tu_fifo_read_n
 .text.tu_fifo_write
                0x10006ca0       0x78 CMakeFiles/orionshands.dir/D_/Documents/Github/PCB-Design/keyboard-code/pico-sdk/lib/tinyusb/src/common/tusb_fifo.c.obj
                0x10006ca0                tu_fifo_write
 .text.tu_fifo_write_n
                0x10006d18      0x100 CMakeFiles/orionshands.dir/D_/Documents/Github/PCB-Design/keyboard-code/pico-sdk/lib/tinyusb/src/common/tusb_fifo.c.obj
                0x10006d18                tu_fifo_write_n
 .text.tu_fifo_clear
                0x10006e18       0x4c CMakeFiles/orionshands.dir/D_/Documents/Github/PCB-Design/keyboard-code/pico-sdk/lib/tinyusb/src/common/tusb_fifo.c.obj
                0x10006e18                tu_fifo_clear
 .text.tu_fifo_set_overwritable
                0x10006e64       0x3c CMakeFiles/orionshands.dir/D_/Documents/Github/PCB-Design/keyboard-code/pico-sdk/lib/tinyusb/src/common/tusb_fifo.c.obj
                0x10006e64                tu_fifo_set_overwritable
 .text.startup._retrieve_unique_id_on_boot
                0x10006ea0       0x10 CMakeFiles/orionshands.dir/D_/Documents/Github/PCB-Design/keyboard-code/pico-sdk/src/rp2_common/pico_unique_id/unique_id.c.obj
 .text.pico_get_unique_board_id_string
                0x10006eb0      0x1a8 CMakeFiles/orionshands.dir/D_/Documents/Github/PCB-Design/keyboard-code/pico-sdk/src/rp2_common/pico_unique_id/unique_id.c.obj
                0x10006eb0                pico_get_unique_board_id_string
 .text.flash_get_unique_id
                0x10007058       0x40 CMakeFiles/orionshands.dir/D_/Documents/Github/PCB-Design/keyboard-code/pico-sdk/src/rp2_common/hardware_flash/flash.c.obj
                0x10007058                flash_get_unique_id
 .text.strlen   0x10007098       0x5c d:/documents/arm gnu toolchain/12.2 mpacbti-bet1/bin/../lib/gcc/arm-none-eabi/12.2.0/thumb/v6-m/nofp\libc.a(libc_a-strlen-stub.o)
                0x10007098                strlen
 *(.fini)
 .fini          0x100070f4        0x4 d:/documents/arm gnu toolchain/12.2 mpacbti-bet1/bin/../lib/gcc/arm-none-eabi/12.2.0/thumb/v6-m/nofp/crti.o
                0x100070f4                _fini
 .fini.__stub   0x100070f8       0x70 linker stubs
 *crtbegin.o(.ctors)
 *crtbegin?.o(.ctors)
 *(EXCLUDE_FILE(*crtend.o *crtend?.o) .ctors)
 *(SORT_BY_NAME(.ctors.*))
 *(.ctors)
 *crtbegin.o(.dtors)
 *crtbegin?.o(.dtors)
 *(EXCLUDE_FILE(*crtend.o *crtend?.o) .dtors)
 *(SORT_BY_NAME(.dtors.*))
 *(.dtors)
 *(.eh_frame*)
 .eh_frame      0x10007168        0x0 d:/documents/arm gnu toolchain/12.2 mpacbti-bet1/bin/../lib/gcc/arm-none-eabi/12.2.0/thumb/v6-m/nofp/crtbegin.o
                0x10007168                        . = ALIGN (0x4)

.glue_7         0x10007168        0x0
 .glue_7        0x10007168        0x0 linker stubs

.glue_7t        0x10007168        0x0
 .glue_7t       0x10007168        0x0 linker stubs

.vfp11_veneer   0x10007168        0x0
 .vfp11_veneer  0x10007168        0x0 linker stubs

.v4_bx          0x10007168        0x0
 .v4_bx         0x10007168        0x0 linker stubs

.iplt           0x10007168        0x0
 .iplt          0x10007168        0x0 d:/documents/arm gnu toolchain/12.2 mpacbti-bet1/bin/../lib/gcc/arm-none-eabi/12.2.0/thumb/v6-m/nofp/crtbegin.o

.rodata         0x10007168      0x5b8
 *(EXCLUDE_FILE(*libm.a: *libc.a:*lib_a-mem*.o *libgcc.a:) .rodata*)
 .rodata.main.str1.4
                0x10007168        0x0 CMakeFiles/orionshands.dir/src/main.c.obj
                                  0x4 (size before relaxing)
 .rodata        0x10007168       0xdc CMakeFiles/orionshands.dir/src/main.c.obj
 .rodata.spin_lock_claim_unused.str1.4
                0x10007244       0x1b CMakeFiles/orionshands.dir/D_/Documents/Github/PCB-Design/keyboard-code/pico-sdk/src/rp2_common/hardware_sync/sync.c.obj
 *fill*         0x1000725f        0x1 
 .rodata.user_irq_claim_unused.str1.4
                0x10007260       0x1b CMakeFiles/orionshands.dir/D_/Documents/Github/PCB-Design/keyboard-code/pico-sdk/src/rp2_common/hardware_irq/irq.c.obj
 *fill*         0x1000727b        0x1 
 .rodata.hardware_alarm_claim.str1.4
                0x1000727c       0x22 CMakeFiles/orionshands.dir/D_/Documents/Github/PCB-Design/keyboard-code/pico-sdk/src/rp2_common/hardware_timer/timer.c.obj
 *fill*         0x1000729e        0x2 
 .rodata.panic.str1.4
                0x100072a0       0x12 CMakeFiles/orionshands.dir/D_/Documents/Github/PCB-Design/keyboard-code/pico-sdk/src/rp2_common/pico_runtime/runtime.c.obj
 *fill*         0x100072b2        0x2 
 .rodata.hard_assertion_failure.str1.4
                0x100072b4        0xc CMakeFiles/orionshands.dir/D_/Documents/Github/PCB-Design/keyboard-code/pico-sdk/src/rp2_common/pico_runtime/runtime.c.obj
 .rodata._ftoa.str1.4
                0x100072c0       0x15 CMakeFiles/orionshands.dir/D_/Documents/Github/PCB-Design/keyboard-code/pico-sdk/src/rp2_common/pico_printf/printf.c.obj
 *fill*         0x100072d5        0x3 
 .rodata._vsnprintf
                0x100072d8      0x19c CMakeFiles/orionshands.dir/D_/Documents/Github/PCB-Design/keyboard-code/pico-sdk/src/rp2_common/pico_printf/printf.c.obj
 *fill*         0x10007474        0x4 
 .rodata.pow10.0
                0x10007478       0x50 CMakeFiles/orionshands.dir/D_/Documents/Github/PCB-Design/keyboard-code/pico-sdk/src/rp2_common/pico_printf/printf.c.obj
 .rodata.str1.4
                0x100074c8       0x40 CMakeFiles/orionshands.dir/D_/Documents/Github/PCB-Design/keyboard-code/pico-sdk/src/rp2_common/pico_standard_link/binary_info.c.obj
 .rodata.__bi_81
                0x10007508        0xc CMakeFiles/orionshands.dir/D_/Documents/Github/PCB-Design/keyboard-code/pico-sdk/src/rp2_common/pico_standard_link/binary_info.c.obj
 .rodata.__bi_75
                0x10007514        0xc CMakeFiles/orionshands.dir/D_/Documents/Github/PCB-Design/keyboard-code/pico-sdk/src/rp2_common/pico_standard_link/binary_info.c.obj
 .rodata.__bi_44
                0x10007520        0xc CMakeFiles/orionshands.dir/D_/Documents/Github/PCB-Design/keyboard-code/pico-sdk/src/rp2_common/pico_standard_link/binary_info.c.obj
 .rodata.crlf_str.0
                0x1000752c        0x2 CMakeFiles/orionshands.dir/D_/Documents/Github/PCB-Design/keyboard-code/pico-sdk/src/rp2_common/pico_stdio/stdio.c.obj
 *fill*         0x1000752e        0x2 
 .rodata._resetd_driver
                0x10007530       0x18 CMakeFiles/orionshands.dir/D_/Documents/Github/PCB-Design/keyboard-code/pico-sdk/src/rp2_common/pico_stdio_usb/reset_interface.c.obj
 .rodata.str1.4
                0x10007548       0x13 CMakeFiles/orionshands.dir/D_/Documents/Github/PCB-Design/keyboard-code/pico-sdk/src/rp2_common/pico_stdio_usb/stdio_usb.c.obj
 *fill*         0x1000755b        0x1 
 .rodata.__bi_118.0
                0x1000755c        0xc CMakeFiles/orionshands.dir/D_/Documents/Github/PCB-Design/keyboard-code/pico-sdk/src/rp2_common/pico_stdio_usb/stdio_usb.c.obj
 .rodata.str1.4
                0x10007568       0x2a CMakeFiles/orionshands.dir/D_/Documents/Github/PCB-Design/keyboard-code/pico-sdk/src/rp2_common/pico_stdio_usb/stdio_usb_descriptors.c.obj
 *fill*         0x10007592        0x2 
 .rodata.usbd_desc_str
                0x10007594       0x18 CMakeFiles/orionshands.dir/D_/Documents/Github/PCB-Design/keyboard-code/pico-sdk/src/rp2_common/pico_stdio_usb/stdio_usb_descriptors.c.obj
 .rodata.usbd_desc_cfg
                0x100075ac       0x54 CMakeFiles/orionshands.dir/D_/Documents/Github/PCB-Design/keyboard-code/pico-sdk/src/rp2_common/pico_stdio_usb/stdio_usb_descriptors.c.obj
 .rodata.usbd_desc_device
                0x10007600       0x12 CMakeFiles/orionshands.dir/D_/Documents/Github/PCB-Design/keyboard-code/pico-sdk/src/rp2_common/pico_stdio_usb/stdio_usb_descriptors.c.obj
 *fill*         0x10007612        0x2 
 .rodata.dcd_rp2040_irq.str1.4
                0x10007614       0x14 CMakeFiles/orionshands.dir/D_/Documents/Github/PCB-Design/keyboard-code/pico-sdk/lib/tinyusb/src/portable/raspberrypi/rp2040/dcd_rp2040.c.obj
 .rodata._hw_endpoint_buffer_control_update32.part.0.isra.0.str1.4
                0x10007628       0x1f CMakeFiles/orionshands.dir/D_/Documents/Github/PCB-Design/keyboard-code/pico-sdk/lib/tinyusb/src/portable/raspberrypi/rp2040/rp2040_usb.c.obj
 *fill*         0x10007647        0x1 
 .rodata.hw_endpoint_xfer_continue.str1.4
                0x10007648       0x29 CMakeFiles/orionshands.dir/D_/Documents/Github/PCB-Design/keyboard-code/pico-sdk/lib/tinyusb/src/portable/raspberrypi/rp2040/rp2040_usb.c.obj
 *fill*         0x10007671        0x3 
 .rodata.str1.4
                0x10007674        0x7 CMakeFiles/orionshands.dir/D_/Documents/Github/PCB-Design/keyboard-code/pico-sdk/lib/tinyusb/src/portable/raspberrypi/rp2040/rp2040_usb.c.obj
 *fill*         0x1000767b        0x1 
 .rodata.tud_task
                0x1000767c       0x8c CMakeFiles/orionshands.dir/D_/Documents/Github/PCB-Design/keyboard-code/pico-sdk/lib/tinyusb/src/device/usbd.c.obj
 .rodata._usbd_driver
                0x10007708       0x18 CMakeFiles/orionshands.dir/D_/Documents/Github/PCB-Design/keyboard-code/pico-sdk/lib/tinyusb/src/device/usbd.c.obj
                0x10007720                        . = ALIGN (0x4)
 *(SORT_BY_ALIGNMENT(SORT_BY_NAME(.flashdata*)))
                0x10007720                        . = ALIGN (0x4)

.rel.dyn        0x10007720        0x0
 .rel.iplt      0x10007720        0x0 d:/documents/arm gnu toolchain/12.2 mpacbti-bet1/bin/../lib/gcc/arm-none-eabi/12.2.0/thumb/v6-m/nofp/crtbegin.o

.ARM.extab
 *(.ARM.extab* .gnu.linkonce.armextab.*)
                0x10007720                        __exidx_start = .

.ARM.exidx
 *(.ARM.exidx* .gnu.linkonce.armexidx.*)
                0x10007720                        __exidx_end = .
                0x10007720                        . = ALIGN (0x4)
                0x10007720                        __binary_info_start = .

.binary_info    0x10007720       0x20
 *(.binary_info.keep.*)
 .binary_info.keep.__bi_ptr81
                0x10007720        0x4 CMakeFiles/orionshands.dir/D_/Documents/Github/PCB-Design/keyboard-code/pico-sdk/src/rp2_common/pico_standard_link/binary_info.c.obj
 .binary_info.keep.__bi_ptr75
                0x10007724        0x4 CMakeFiles/orionshands.dir/D_/Documents/Github/PCB-Design/keyboard-code/pico-sdk/src/rp2_common/pico_standard_link/binary_info.c.obj
 .binary_info.keep.__bi_ptr50
                0x10007728        0x4 CMakeFiles/orionshands.dir/D_/Documents/Github/PCB-Design/keyboard-code/pico-sdk/src/rp2_common/pico_standard_link/binary_info.c.obj
 .binary_info.keep.__bi_ptr44
                0x1000772c        0x4 CMakeFiles/orionshands.dir/D_/Documents/Github/PCB-Design/keyboard-code/pico-sdk/src/rp2_common/pico_standard_link/binary_info.c.obj
 .binary_info.keep.__bi_ptr38
                0x10007730        0x4 CMakeFiles/orionshands.dir/D_/Documents/Github/PCB-Design/keyboard-code/pico-sdk/src/rp2_common/pico_standard_link/binary_info.c.obj
 .binary_info.keep.__bi_ptr30
                0x10007734        0x4 CMakeFiles/orionshands.dir/D_/Documents/Github/PCB-Design/keyboard-code/pico-sdk/src/rp2_common/pico_standard_link/binary_info.c.obj
 .binary_info.keep.__bi_ptr22
                0x10007738        0x4 CMakeFiles/orionshands.dir/D_/Documents/Github/PCB-Design/keyboard-code/pico-sdk/src/rp2_common/pico_standard_link/binary_info.c.obj
 *(.binary_info.*)
 .binary_info.__bi_ptr118
                0x1000773c        0x4 CMakeFiles/orionshands.dir/D_/Documents/Github/PCB-Design/keyboard-code/pico-sdk/src/rp2_common/pico_stdio_usb/stdio_usb.c.obj
                0x10007740                        __binary_info_end = .
                0x10007740                        . = ALIGN (0x4)
                0x10007740                        __etext = .

.ram_vector_table
                0x20000000       0xc0
 *(.ram_vector_table)
 .ram_vector_table
                0x20000000       0xc0 CMakeFiles/orionshands.dir/D_/Documents/Github/PCB-Design/keyboard-code/pico-sdk/src/rp2_common/pico_runtime/runtime.c.obj
                0x20000000                ram_vector_table

.data           0x200000c0      0x3b0 load address 0x10007740
                0x200000c0                        __data_start__ = .
 *(vtable)
 *(.time_critical*)
 .time_critical.mutex_enter_blocking
                0x200000c0       0x48 CMakeFiles/orionshands.dir/D_/Documents/Github/PCB-Design/keyboard-code/pico-sdk/src/common/pico_sync/mutex.c.obj
                0x200000c0                mutex_enter_blocking
 .time_critical.mutex_try_enter
                0x20000108       0x40 CMakeFiles/orionshands.dir/D_/Documents/Github/PCB-Design/keyboard-code/pico-sdk/src/common/pico_sync/mutex.c.obj
                0x20000108                mutex_try_enter
 .time_critical.mutex_enter_timeout_ms
                0x20000148       0xa0 CMakeFiles/orionshands.dir/D_/Documents/Github/PCB-Design/keyboard-code/pico-sdk/src/common/pico_sync/mutex.c.obj
                0x20000148                mutex_enter_timeout_ms
 .time_critical.mutex_exit
                0x200001e8       0x28 CMakeFiles/orionshands.dir/D_/Documents/Github/PCB-Design/keyboard-code/pico-sdk/src/common/pico_sync/mutex.c.obj
                0x200001e8                mutex_exit
 .time_critical.flash_init_boot2_copyout
                0x20000210       0x30 CMakeFiles/orionshands.dir/D_/Documents/Github/PCB-Design/keyboard-code/pico-sdk/src/rp2_common/hardware_flash/flash.c.obj
 .time_critical.flash_enable_xip_via_boot2
                0x20000240        0xc CMakeFiles/orionshands.dir/D_/Documents/Github/PCB-Design/keyboard-code/pico-sdk/src/rp2_common/hardware_flash/flash.c.obj
 .time_critical.flash_cs_force
                0x2000024c       0x38 CMakeFiles/orionshands.dir/D_/Documents/Github/PCB-Design/keyboard-code/pico-sdk/src/rp2_common/hardware_flash/flash.c.obj
 .time_critical.flash_do_cmd
                0x20000284       0xc0 CMakeFiles/orionshands.dir/D_/Documents/Github/PCB-Design/keyboard-code/pico-sdk/src/rp2_common/hardware_flash/flash.c.obj
                0x20000284                flash_do_cmd
 *(.text*)
 .text          0x20000344        0x4 d:/documents/arm gnu toolchain/12.2 mpacbti-bet1/bin/../lib/gcc/arm-none-eabi/12.2.0/thumb/v6-m/nofp\libgcc.a(_dvmd_tls.o)
                0x20000344                __aeabi_idiv0
                0x20000344                __aeabi_ldiv0
 .text.__stub   0x20000348       0x30 linker stubs
                0x20000378                        . = ALIGN (0x4)
 *(.rodata*)
                0x20000378                        . = ALIGN (0x4)
 *(.data*)
 .data.striped_spin_lock_num
                0x20000378        0x1 CMakeFiles/orionshands.dir/D_/Documents/Github/PCB-Design/keyboard-code/pico-sdk/src/rp2_common/hardware_sync/sync.c.obj
 *fill*         0x20000379        0x3 
 .data          0x2000037c       0x48 CMakeFiles/orionshands.dir/D_/Documents/Github/PCB-Design/keyboard-code/pico-sdk/src/rp2_common/hardware_irq/irq_handler_chain.S.obj
                0x2000037c                irq_handler_chain_slots
                0x200003ac                irq_handler_chain_first_slot
                0x200003b6                irq_handler_chain_remove_tail
 .data.default_alarm_pool
                0x200003c4       0x18 CMakeFiles/orionshands.dir/D_/Documents/Github/PCB-Design/keyboard-code/pico-sdk/src/common/pico_time/time.c.obj
 .data.default_alarm_pool_heap
                0x200003dc       0x10 CMakeFiles/orionshands.dir/D_/Documents/Github/PCB-Design/keyboard-code/pico-sdk/src/common/pico_time/time.c.obj
 *fill*         0x200003ec        0x4 
 .data.aeabi_bits_funcs
                0x200003f0       0x10 CMakeFiles/orionshands.dir/D_/Documents/Github/PCB-Design/keyboard-code/pico-sdk/src/rp2_common/pico_bit_ops/bit_ops_aeabi.S.obj
                0x200003f0                aeabi_bits_funcs
                0x20000400                aeabi_bits_funcs_end
 .data.aeabi_mem_funcs
                0x20000400       0x10 CMakeFiles/orionshands.dir/D_/Documents/Github/PCB-Design/keyboard-code/pico-sdk/src/rp2_common/pico_mem_ops/mem_ops_aeabi.S.obj
                0x20000400                aeabi_mem_funcs
                0x20000410                aeabi_mem_funcs_end
 .data.stdio_usb
                0x20000410       0x14 CMakeFiles/orionshands.dir/D_/Documents/Github/PCB-Design/keyboard-code/pico-sdk/src/rp2_common/pico_stdio_usb/stdio_usb.c.obj
                0x20000410                stdio_usb
 .data.ep_dir_string
                0x20000424        0x8 CMakeFiles/orionshands.dir/D_/Documents/Github/PCB-Design/keyboard-code/pico-sdk/lib/tinyusb/src/portable/raspberrypi/rp2040/rp2040_usb.c.obj
                0x20000424                ep_dir_string
 .data._usbd_qdef
                0x2000042c       0x24 CMakeFiles/orionshands.dir/D_/Documents/Github/PCB-Design/keyboard-code/pico-sdk/lib/tinyusb/src/device/usbd.c.obj
                0x2000042c                _usbd_qdef
                0x20000450                        . = ALIGN (0x4)
 *(.after_data.*)
                0x20000450                        . = ALIGN (0x4)
                0x20000450                        PROVIDE (__mutex_array_start = .)
 *(SORT_BY_NAME(.mutex_array.*))
 *(.mutex_array)
 .mutex_array   0x20000450        0x8 CMakeFiles/orionshands.dir/D_/Documents/Github/PCB-Design/keyboard-code/pico-sdk/src/rp2_common/pico_stdio/stdio.c.obj
                0x20000458                        PROVIDE (__mutex_array_end = .)
                0x20000458                        . = ALIGN (0x4)
                0x20000458                        PROVIDE (__preinit_array_start = .)
 *(SORT_BY_NAME(.preinit_array.*))
 .preinit_array.00001
                0x20000458        0x4 CMakeFiles/orionshands.dir/D_/Documents/Github/PCB-Design/keyboard-code/pico-sdk/src/rp2_common/pico_mem_ops/mem_ops_aeabi.S.obj
 .preinit_array.00010
                0x2000045c        0x4 CMakeFiles/orionshands.dir/D_/Documents/Github/PCB-Design/keyboard-code/pico-sdk/src/rp2_common/pico_bit_ops/bit_ops_aeabi.S.obj
 .preinit_array.00020
                0x20000460        0x4 CMakeFiles/orionshands.dir/D_/Documents/Github/PCB-Design/keyboard-code/pico-sdk/src/rp2_common/pico_double/double_aeabi.S.obj
 .preinit_array.00020
                0x20000464        0x4 CMakeFiles/orionshands.dir/D_/Documents/Github/PCB-Design/keyboard-code/pico-sdk/src/rp2_common/pico_float/float_aeabi.S.obj
 *(.preinit_array)
                0x20000468                        PROVIDE (__preinit_array_end = .)
                0x20000468                        . = ALIGN (0x4)
                0x20000468                        PROVIDE (__init_array_start = .)
 *(SORT_BY_NAME(.init_array.*))
 *(.init_array)
 .init_array    0x20000468        0x4 d:/documents/arm gnu toolchain/12.2 mpacbti-bet1/bin/../lib/gcc/arm-none-eabi/12.2.0/thumb/v6-m/nofp/crtbegin.o
 .init_array    0x2000046c        0x4 CMakeFiles/orionshands.dir/D_/Documents/Github/PCB-Design/keyboard-code/pico-sdk/src/rp2_common/pico_unique_id/unique_id.c.obj
                0x20000470                        PROVIDE (__init_array_end = .)
                0x20000470                        . = ALIGN (0x4)
                [!provide]                        PROVIDE (__fini_array_start = .)
 *(SORT_BY_NAME(.fini_array.*))
 *(.fini_array)
                [!provide]                        PROVIDE (__fini_array_end = .)
 *(.jcr)
                0x20000470                        . = ALIGN (0x4)
                0x20000470                        __data_end__ = .

.tm_clone_table
                0x20000470        0x0 load address 0x10007af0
 .tm_clone_table
                0x20000470        0x0 d:/documents/arm gnu toolchain/12.2 mpacbti-bet1/bin/../lib/gcc/arm-none-eabi/12.2.0/thumb/v6-m/nofp/crtbegin.o
 .tm_clone_table
                0x20000470        0x0 d:/documents/arm gnu toolchain/12.2 mpacbti-bet1/bin/../lib/gcc/arm-none-eabi/12.2.0/thumb/v6-m/nofp/crtend.o

.igot.plt       0x20000470        0x0 load address 0x10007af0
 .igot.plt      0x20000470        0x0 d:/documents/arm gnu toolchain/12.2 mpacbti-bet1/bin/../lib/gcc/arm-none-eabi/12.2.0/thumb/v6-m/nofp/crtbegin.o

.uninitialized_data
                0x20000470        0x0 load address 0x10007af0
                0x20000470                        . = ALIGN (0x4)
 *(.uninitialized_data*)

.scratch_x      0x20040000        0x0 load address 0x10007af0
                0x20040000                        __scratch_x_start__ = .
 *(.scratch_x.*)
                0x20040000                        . = ALIGN (0x4)
                0x20040000                        __scratch_x_end__ = .
                0x10007af0                        __scratch_x_source__ = LOADADDR (.scratch_x)

.scratch_y      0x20041000        0x0 load address 0x10007af0
                0x20041000                        __scratch_y_start__ = .
 *(.scratch_y.*)
                0x20041000                        . = ALIGN (0x4)
                0x20041000                        __scratch_y_end__ = .
                0x10007af0                        __scratch_y_source__ = LOADADDR (.scratch_y)

.bss            0x20000470      0xd84
                0x20000470                        . = ALIGN (0x4)
                0x20000470                        __bss_start__ = .
 *(SORT_BY_ALIGNMENT(SORT_BY_NAME(.bss*)))
 .bss.configured_freq
                0x20000470       0x28 CMakeFiles/orionshands.dir/D_/Documents/Github/PCB-Design/keyboard-code/pico-sdk/src/rp2_common/hardware_clocks/clocks.c.obj
 .bss.default_alarm_pool_entries
                0x20000498      0x100 CMakeFiles/orionshands.dir/D_/Documents/Github/PCB-Design/keyboard-code/pico-sdk/src/common/pico_time/time.c.obj
 .bss.last_avail_time.1
                0x20000598        0x8 CMakeFiles/orionshands.dir/D_/Documents/Github/PCB-Design/keyboard-code/pico-sdk/src/rp2_common/pico_stdio_usb/stdio_usb.c.obj
 .bss.sd_table  0x200005a0      0x100 CMakeFiles/orionshands.dir/D_/Documents/Github/PCB-Design/keyboard-code/pico-sdk/src/rp2_common/pico_double/double_init_rom.c.obj
                0x200005a0                sd_table
 .bss.sf_table  0x200006a0      0x100 CMakeFiles/orionshands.dir/D_/Documents/Github/PCB-Design/keyboard-code/pico-sdk/src/rp2_common/pico_float/float_init_rom.c.obj
                0x200006a0                sf_table
 .bss._app_driver
                0x200007a0        0x4 CMakeFiles/orionshands.dir/D_/Documents/Github/PCB-Design/keyboard-code/pico-sdk/lib/tinyusb/src/device/usbd.c.obj
 .bss._cdcd_itf
                0x200007a4      0x2d8 CMakeFiles/orionshands.dir/D_/Documents/Github/PCB-Design/keyboard-code/pico-sdk/lib/tinyusb/src/class/cdc/cdc_device.c.obj
 .bss._ctrl_xfer
                0x20000a7c       0x14 CMakeFiles/orionshands.dir/D_/Documents/Github/PCB-Design/keyboard-code/pico-sdk/lib/tinyusb/src/device/usbd_control.c.obj
 .bss._ubsd_mutexdef
                0x20000a90        0x8 CMakeFiles/orionshands.dir/D_/Documents/Github/PCB-Design/keyboard-code/pico-sdk/lib/tinyusb/src/device/usbd.c.obj
 .bss._usbd_ctrl_buf
                0x20000a98       0x40 CMakeFiles/orionshands.dir/D_/Documents/Github/PCB-Design/keyboard-code/pico-sdk/lib/tinyusb/src/device/usbd_control.c.obj
 .bss._usbd_dev
                0x20000ad8       0x53 CMakeFiles/orionshands.dir/D_/Documents/Github/PCB-Design/keyboard-code/pico-sdk/lib/tinyusb/src/device/usbd.c.obj
 *fill*         0x20000b2b        0x1 
 .bss._usbd_mutex
                0x20000b2c        0x4 CMakeFiles/orionshands.dir/D_/Documents/Github/PCB-Design/keyboard-code/pico-sdk/lib/tinyusb/src/device/usbd.c.obj
 .bss._usbd_q   0x20000b30        0x4 CMakeFiles/orionshands.dir/D_/Documents/Github/PCB-Design/keyboard-code/pico-sdk/lib/tinyusb/src/device/usbd.c.obj
 .bss._usbd_qdef_buf
                0x20000b34       0xc0 CMakeFiles/orionshands.dir/D_/Documents/Github/PCB-Design/keyboard-code/pico-sdk/lib/tinyusb/src/device/usbd.c.obj
                0x20000b34                _usbd_qdef_buf
 .bss.alarm_callbacks
                0x20000bf4       0x10 CMakeFiles/orionshands.dir/D_/Documents/Github/PCB-Design/keyboard-code/pico-sdk/src/rp2_common/hardware_timer/timer.c.obj
 .bss.boot2_copyout
                0x20000c04      0x100 CMakeFiles/orionshands.dir/D_/Documents/Github/PCB-Design/keyboard-code/pico-sdk/src/rp2_common/hardware_flash/flash.c.obj
 .bss.claimed   0x20000d04        0x4 CMakeFiles/orionshands.dir/D_/Documents/Github/PCB-Design/keyboard-code/pico-sdk/src/rp2_common/hardware_sync/sync.c.obj
 .bss.default_alarm_pool_entry_ids_high
                0x20000d08       0x10 CMakeFiles/orionshands.dir/D_/Documents/Github/PCB-Design/keyboard-code/pico-sdk/src/common/pico_time/time.c.obj
 .bss.default_alarm_pool_heap_nodes
                0x20000d18       0x30 CMakeFiles/orionshands.dir/D_/Documents/Github/PCB-Design/keyboard-code/pico-sdk/src/common/pico_time/time.c.obj
 .bss.desc_str.0
                0x20000d48       0x28 CMakeFiles/orionshands.dir/D_/Documents/Github/PCB-Design/keyboard-code/pico-sdk/src/rp2_common/pico_stdio_usb/stdio_usb_descriptors.c.obj
 .bss.drivers   0x20000d70        0x4 CMakeFiles/orionshands.dir/D_/Documents/Github/PCB-Design/keyboard-code/pico-sdk/src/rp2_common/pico_stdio/stdio.c.obj
 .bss.filter    0x20000d74        0x4 CMakeFiles/orionshands.dir/D_/Documents/Github/PCB-Design/keyboard-code/pico-sdk/src/rp2_common/pico_stdio/stdio.c.obj
 .bss.hw_endpoints
                0x20000d78      0x400 CMakeFiles/orionshands.dir/D_/Documents/Github/PCB-Design/keyboard-code/pico-sdk/lib/tinyusb/src/portable/raspberrypi/rp2040/dcd_rp2040.c.obj
 .bss.lazy_vsnprintf
                0x20001178        0x4 CMakeFiles/orionshands.dir/D_/Documents/Github/PCB-Design/keyboard-code/pico-sdk/src/rp2_common/pico_printf/printf.c.obj
 .bss.load_value
                0x2000117c        0x4 CMakeFiles/orionshands.dir/D_/Documents/Github/PCB-Design/keyboard-code/pico-sdk/src/rp2_common/hardware_watchdog/watchdog.c.obj
 .bss.next_buffer_ptr
                0x20001180        0x4 CMakeFiles/orionshands.dir/D_/Documents/Github/PCB-Design/keyboard-code/pico-sdk/lib/tinyusb/src/portable/raspberrypi/rp2040/dcd_rp2040.c.obj
 .bss.object.0  0x20001184       0x18 d:/documents/arm gnu toolchain/12.2 mpacbti-bet1/bin/../lib/gcc/arm-none-eabi/12.2.0/thumb/v6-m/nofp/crtbegin.o
 .bss.pools     0x2000119c       0x10 CMakeFiles/orionshands.dir/D_/Documents/Github/PCB-Design/keyboard-code/pico-sdk/src/common/pico_time/time.c.obj
 .bss.retrieved_id
                0x200011ac        0x8 CMakeFiles/orionshands.dir/D_/Documents/Github/PCB-Design/keyboard-code/pico-sdk/src/rp2_common/pico_unique_id/unique_id.c.obj
 .bss.sf_clz_func
                0x200011b4        0x4 CMakeFiles/orionshands.dir/D_/Documents/Github/PCB-Design/keyboard-code/pico-sdk/src/rp2_common/pico_double/double_init_rom.c.obj
                0x200011b4                sf_clz_func
 .bss.sleep_notifier
                0x200011b8        0x4 CMakeFiles/orionshands.dir/D_/Documents/Github/PCB-Design/keyboard-code/pico-sdk/src/common/pico_time/time.c.obj
 .bss.stdio_usb_mutex
                0x200011bc        0x8 CMakeFiles/orionshands.dir/D_/Documents/Github/PCB-Design/keyboard-code/pico-sdk/src/rp2_common/pico_stdio_usb/stdio_usb.c.obj
 .bss.target_hi
                0x200011c4       0x10 CMakeFiles/orionshands.dir/D_/Documents/Github/PCB-Design/keyboard-code/pico-sdk/src/rp2_common/hardware_timer/timer.c.obj
 .bss.usbd_serial_str
                0x200011d4       0x11 CMakeFiles/orionshands.dir/D_/Documents/Github/PCB-Design/keyboard-code/pico-sdk/src/rp2_common/pico_stdio_usb/stdio_usb_descriptors.c.obj
 *fill*         0x200011e5        0x3 
 .bss.user_irq_claimed
                0x200011e8        0x2 CMakeFiles/orionshands.dir/D_/Documents/Github/PCB-Design/keyboard-code/pico-sdk/src/rp2_common/hardware_irq/irq.c.obj
 .bss._app_driver_count
                0x200011ea        0x1 CMakeFiles/orionshands.dir/D_/Documents/Github/PCB-Design/keyboard-code/pico-sdk/lib/tinyusb/src/device/usbd.c.obj
 .bss._usbd_initialized
                0x200011eb        0x1 CMakeFiles/orionshands.dir/D_/Documents/Github/PCB-Design/keyboard-code/pico-sdk/lib/tinyusb/src/device/usbd.c.obj
 .bss.boot2_copyout_valid
                0x200011ec        0x1 CMakeFiles/orionshands.dir/D_/Documents/Github/PCB-Design/keyboard-code/pico-sdk/src/rp2_common/hardware_flash/flash.c.obj
 .bss.claimed   0x200011ed        0x1 CMakeFiles/orionshands.dir/D_/Documents/Github/PCB-Design/keyboard-code/pico-sdk/src/rp2_common/hardware_timer/timer.c.obj
 .bss.irq_hander_chain_free_slot_head
                0x200011ee        0x1 CMakeFiles/orionshands.dir/D_/Documents/Github/PCB-Design/keyboard-code/pico-sdk/src/rp2_common/hardware_irq/irq.c.obj
 .bss.itf_num   0x200011ef        0x1 CMakeFiles/orionshands.dir/D_/Documents/Github/PCB-Design/keyboard-code/pico-sdk/src/rp2_common/pico_stdio_usb/reset_interface.c.obj
 .bss.low_priority_irq_num
                0x200011f0        0x1 CMakeFiles/orionshands.dir/D_/Documents/Github/PCB-Design/keyboard-code/pico-sdk/src/rp2_common/pico_stdio_usb/stdio_usb.c.obj
 .bss.timer_callbacks_pending
                0x200011f1        0x1 CMakeFiles/orionshands.dir/D_/Documents/Github/PCB-Design/keyboard-code/pico-sdk/src/rp2_common/hardware_timer/timer.c.obj
 *(COMMON)
                0x200011f4                        . = ALIGN (0x4)
 *fill*         0x200011f2        0x2 
                0x200011f4                        __bss_end__ = .

.heap           0x200011f4      0x800
                0x200011f4                        __end__ = .
                0x200011f4                        end = __end__
 *(.heap*)
 .heap          0x200011f4      0x800 CMakeFiles/orionshands.dir/D_/Documents/Github/PCB-Design/keyboard-code/pico-sdk/src/rp2_common/pico_standard_link/crt0.S.obj
                0x200019f4                        __HeapLimit = .

.stack1_dummy
 *(.stack1*)

.stack_dummy    0x20041000      0x800
 *(.stack*)
 .stack         0x20041000      0x800 CMakeFiles/orionshands.dir/D_/Documents/Github/PCB-Design/keyboard-code/pico-sdk/src/rp2_common/pico_standard_link/crt0.S.obj

.flash_end      0x10007af0        0x0
                0x10007af0                        __flash_binary_end = .
                0x20040000                        __StackLimit = (ORIGIN (RAM) + LENGTH (RAM))
                0x20041000                        __StackOneTop = (ORIGIN (SCRATCH_X) + LENGTH (SCRATCH_X))
                0x20042000                        __StackTop = (ORIGIN (SCRATCH_Y) + LENGTH (SCRATCH_Y))
                0x20041000                        __StackOneBottom = (__StackOneTop - SIZEOF (.stack1_dummy))
                0x20041800                        __StackBottom = (__StackTop - SIZEOF (.stack_dummy))
                0x20042000                        PROVIDE (__stack = __StackTop)
                0x00000001                        ASSERT ((__StackLimit >= __HeapLimit), region RAM overflowed)
                0x00000001                        ASSERT (((__binary_info_header_end - __logical_binary_start) <= 0x100), Binary info must be in first 256 bytes of the binary)
LOAD CMakeFiles/orionshands.dir/src/main.c.obj
LOAD CMakeFiles/orionshands.dir/D_/Documents/Github/PCB-Design/keyboard-code/pico-sdk/src/rp2_common/pico_stdlib/stdlib.c.obj
LOAD CMakeFiles/orionshands.dir/D_/Documents/Github/PCB-Design/keyboard-code/pico-sdk/src/rp2_common/hardware_gpio/gpio.c.obj
LOAD CMakeFiles/orionshands.dir/D_/Documents/Github/PCB-Design/keyboard-code/pico-sdk/src/rp2_common/hardware_claim/claim.c.obj
LOAD CMakeFiles/orionshands.dir/D_/Documents/Github/PCB-Design/keyboard-code/pico-sdk/src/rp2_common/pico_platform/platform.c.obj
LOAD CMakeFiles/orionshands.dir/D_/Documents/Github/PCB-Design/keyboard-code/pico-sdk/src/rp2_common/hardware_sync/sync.c.obj
LOAD CMakeFiles/orionshands.dir/D_/Documents/Github/PCB-Design/keyboard-code/pico-sdk/src/rp2_common/hardware_irq/irq.c.obj
LOAD CMakeFiles/orionshands.dir/D_/Documents/Github/PCB-Design/keyboard-code/pico-sdk/src/rp2_common/hardware_irq/irq_handler_chain.S.obj
LOAD CMakeFiles/orionshands.dir/D_/Documents/Github/PCB-Design/keyboard-code/pico-sdk/src/common/pico_sync/sem.c.obj
LOAD CMakeFiles/orionshands.dir/D_/Documents/Github/PCB-Design/keyboard-code/pico-sdk/src/common/pico_sync/lock_core.c.obj
LOAD CMakeFiles/orionshands.dir/D_/Documents/Github/PCB-Design/keyboard-code/pico-sdk/src/common/pico_time/time.c.obj
LOAD CMakeFiles/orionshands.dir/D_/Documents/Github/PCB-Design/keyboard-code/pico-sdk/src/common/pico_time/timeout_helper.c.obj
LOAD CMakeFiles/orionshands.dir/D_/Documents/Github/PCB-Design/keyboard-code/pico-sdk/src/rp2_common/hardware_timer/timer.c.obj
LOAD CMakeFiles/orionshands.dir/D_/Documents/Github/PCB-Design/keyboard-code/pico-sdk/src/common/pico_util/datetime.c.obj
LOAD CMakeFiles/orionshands.dir/D_/Documents/Github/PCB-Design/keyboard-code/pico-sdk/src/common/pico_util/pheap.c.obj
LOAD CMakeFiles/orionshands.dir/D_/Documents/Github/PCB-Design/keyboard-code/pico-sdk/src/common/pico_util/queue.c.obj
LOAD CMakeFiles/orionshands.dir/D_/Documents/Github/PCB-Design/keyboard-code/pico-sdk/src/common/pico_sync/mutex.c.obj
LOAD CMakeFiles/orionshands.dir/D_/Documents/Github/PCB-Design/keyboard-code/pico-sdk/src/common/pico_sync/critical_section.c.obj
LOAD CMakeFiles/orionshands.dir/D_/Documents/Github/PCB-Design/keyboard-code/pico-sdk/src/rp2_common/hardware_uart/uart.c.obj
LOAD CMakeFiles/orionshands.dir/D_/Documents/Github/PCB-Design/keyboard-code/pico-sdk/src/rp2_common/hardware_divider/divider.S.obj
LOAD CMakeFiles/orionshands.dir/D_/Documents/Github/PCB-Design/keyboard-code/pico-sdk/src/rp2_common/pico_runtime/runtime.c.obj
LOAD CMakeFiles/orionshands.dir/D_/Documents/Github/PCB-Design/keyboard-code/pico-sdk/src/rp2_common/hardware_clocks/clocks.c.obj
LOAD CMakeFiles/orionshands.dir/D_/Documents/Github/PCB-Design/keyboard-code/pico-sdk/src/rp2_common/hardware_pll/pll.c.obj
LOAD CMakeFiles/orionshands.dir/D_/Documents/Github/PCB-Design/keyboard-code/pico-sdk/src/rp2_common/hardware_vreg/vreg.c.obj
LOAD CMakeFiles/orionshands.dir/D_/Documents/Github/PCB-Design/keyboard-code/pico-sdk/src/rp2_common/hardware_watchdog/watchdog.c.obj
LOAD CMakeFiles/orionshands.dir/D_/Documents/Github/PCB-Design/keyboard-code/pico-sdk/src/rp2_common/hardware_xosc/xosc.c.obj
LOAD CMakeFiles/orionshands.dir/D_/Documents/Github/PCB-Design/keyboard-code/pico-sdk/src/rp2_common/pico_printf/printf.c.obj
LOAD CMakeFiles/orionshands.dir/D_/Documents/Github/PCB-Design/keyboard-code/pico-sdk/src/rp2_common/pico_bit_ops/bit_ops_aeabi.S.obj
LOAD CMakeFiles/orionshands.dir/D_/Documents/Github/PCB-Design/keyboard-code/pico-sdk/src/rp2_common/pico_bootrom/bootrom.c.obj
LOAD CMakeFiles/orionshands.dir/D_/Documents/Github/PCB-Design/keyboard-code/pico-sdk/src/rp2_common/pico_divider/divider.S.obj
LOAD CMakeFiles/orionshands.dir/D_/Documents/Github/PCB-Design/keyboard-code/pico-sdk/src/rp2_common/pico_double/double_aeabi.S.obj
LOAD CMakeFiles/orionshands.dir/D_/Documents/Github/PCB-Design/keyboard-code/pico-sdk/src/rp2_common/pico_double/double_init_rom.c.obj
LOAD CMakeFiles/orionshands.dir/D_/Documents/Github/PCB-Design/keyboard-code/pico-sdk/src/rp2_common/pico_double/double_math.c.obj
LOAD CMakeFiles/orionshands.dir/D_/Documents/Github/PCB-Design/keyboard-code/pico-sdk/src/rp2_common/pico_double/double_v1_rom_shim.S.obj
LOAD CMakeFiles/orionshands.dir/D_/Documents/Github/PCB-Design/keyboard-code/pico-sdk/src/rp2_common/pico_int64_ops/pico_int64_ops_aeabi.S.obj
LOAD CMakeFiles/orionshands.dir/D_/Documents/Github/PCB-Design/keyboard-code/pico-sdk/src/rp2_common/pico_float/float_aeabi.S.obj
LOAD CMakeFiles/orionshands.dir/D_/Documents/Github/PCB-Design/keyboard-code/pico-sdk/src/rp2_common/pico_float/float_init_rom.c.obj
LOAD CMakeFiles/orionshands.dir/D_/Documents/Github/PCB-Design/keyboard-code/pico-sdk/src/rp2_common/pico_float/float_math.c.obj
LOAD CMakeFiles/orionshands.dir/D_/Documents/Github/PCB-Design/keyboard-code/pico-sdk/src/rp2_common/pico_float/float_v1_rom_shim.S.obj
LOAD CMakeFiles/orionshands.dir/D_/Documents/Github/PCB-Design/keyboard-code/pico-sdk/src/rp2_common/pico_malloc/pico_malloc.c.obj
LOAD CMakeFiles/orionshands.dir/D_/Documents/Github/PCB-Design/keyboard-code/pico-sdk/src/rp2_common/pico_mem_ops/mem_ops_aeabi.S.obj
LOAD CMakeFiles/orionshands.dir/D_/Documents/Github/PCB-Design/keyboard-code/pico-sdk/src/rp2_common/pico_standard_link/crt0.S.obj
LOAD CMakeFiles/orionshands.dir/D_/Documents/Github/PCB-Design/keyboard-code/pico-sdk/src/rp2_common/pico_standard_link/new_delete.cpp.obj
LOAD CMakeFiles/orionshands.dir/D_/Documents/Github/PCB-Design/keyboard-code/pico-sdk/src/rp2_common/pico_standard_link/binary_info.c.obj
LOAD CMakeFiles/orionshands.dir/D_/Documents/Github/PCB-Design/keyboard-code/pico-sdk/src/rp2_common/pico_stdio/stdio.c.obj
LOAD CMakeFiles/orionshands.dir/D_/Documents/Github/PCB-Design/keyboard-code/pico-sdk/src/rp2_common/pico_stdio_usb/reset_interface.c.obj
LOAD CMakeFiles/orionshands.dir/D_/Documents/Github/PCB-Design/keyboard-code/pico-sdk/src/rp2_common/pico_stdio_usb/stdio_usb.c.obj
LOAD CMakeFiles/orionshands.dir/D_/Documents/Github/PCB-Design/keyboard-code/pico-sdk/src/rp2_common/pico_stdio_usb/stdio_usb_descriptors.c.obj
LOAD CMakeFiles/orionshands.dir/D_/Documents/Github/PCB-Design/keyboard-code/pico-sdk/lib/tinyusb/src/portable/raspberrypi/rp2040/dcd_rp2040.c.obj
LOAD CMakeFiles/orionshands.dir/D_/Documents/Github/PCB-Design/keyboard-code/pico-sdk/lib/tinyusb/src/portable/raspberrypi/rp2040/rp2040_usb.c.obj
LOAD CMakeFiles/orionshands.dir/D_/Documents/Github/PCB-Design/keyboard-code/pico-sdk/lib/tinyusb/src/device/usbd.c.obj
LOAD CMakeFiles/orionshands.dir/D_/Documents/Github/PCB-Design/keyboard-code/pico-sdk/lib/tinyusb/src/device/usbd_control.c.obj
LOAD CMakeFiles/orionshands.dir/D_/Documents/Github/PCB-Design/keyboard-code/pico-sdk/lib/tinyusb/src/class/audio/audio_device.c.obj
LOAD CMakeFiles/orionshands.dir/D_/Documents/Github/PCB-Design/keyboard-code/pico-sdk/lib/tinyusb/src/class/cdc/cdc_device.c.obj
LOAD CMakeFiles/orionshands.dir/D_/Documents/Github/PCB-Design/keyboard-code/pico-sdk/lib/tinyusb/src/class/dfu/dfu_device.c.obj
LOAD CMakeFiles/orionshands.dir/D_/Documents/Github/PCB-Design/keyboard-code/pico-sdk/lib/tinyusb/src/class/dfu/dfu_rt_device.c.obj
LOAD CMakeFiles/orionshands.dir/D_/Documents/Github/PCB-Design/keyboard-code/pico-sdk/lib/tinyusb/src/class/hid/hid_device.c.obj
LOAD CMakeFiles/orionshands.dir/D_/Documents/Github/PCB-Design/keyboard-code/pico-sdk/lib/tinyusb/src/class/midi/midi_device.c.obj
LOAD CMakeFiles/orionshands.dir/D_/Documents/Github/PCB-Design/keyboard-code/pico-sdk/lib/tinyusb/src/class/msc/msc_device.c.obj
LOAD CMakeFiles/orionshands.dir/D_/Documents/Github/PCB-Design/keyboard-code/pico-sdk/lib/tinyusb/src/class/net/ecm_rndis_device.c.obj
LOAD CMakeFiles/orionshands.dir/D_/Documents/Github/PCB-Design/keyboard-code/pico-sdk/lib/tinyusb/src/class/net/ncm_device.c.obj
LOAD CMakeFiles/orionshands.dir/D_/Documents/Github/PCB-Design/keyboard-code/pico-sdk/lib/tinyusb/src/class/usbtmc/usbtmc_device.c.obj
LOAD CMakeFiles/orionshands.dir/D_/Documents/Github/PCB-Design/keyboard-code/pico-sdk/lib/tinyusb/src/class/vendor/vendor_device.c.obj
LOAD CMakeFiles/orionshands.dir/D_/Documents/Github/PCB-Design/keyboard-code/pico-sdk/lib/tinyusb/src/class/video/video_device.c.obj
LOAD CMakeFiles/orionshands.dir/D_/Documents/Github/PCB-Design/keyboard-code/pico-sdk/lib/tinyusb/src/tusb.c.obj
LOAD CMakeFiles/orionshands.dir/D_/Documents/Github/PCB-Design/keyboard-code/pico-sdk/lib/tinyusb/src/common/tusb_fifo.c.obj
LOAD CMakeFiles/orionshands.dir/D_/Documents/Github/PCB-Design/keyboard-code/pico-sdk/src/rp2_common/pico_fix/rp2040_usb_device_enumeration/rp2040_usb_device_enumeration.c.obj
LOAD CMakeFiles/orionshands.dir/D_/Documents/Github/PCB-Design/keyboard-code/pico-sdk/src/rp2_common/pico_unique_id/unique_id.c.obj
LOAD CMakeFiles/orionshands.dir/D_/Documents/Github/PCB-Design/keyboard-code/pico-sdk/src/rp2_common/hardware_flash/flash.c.obj
LOAD C:\Users\Alex\AppData\Local\Temp\ccgFk6sP.o
LOAD d:/documents/arm gnu toolchain/12.2 mpacbti-bet1/bin/../lib/gcc/arm-none-eabi/12.2.0/thumb/v6-m/nofp\libstdc++.a
LOAD d:/documents/arm gnu toolchain/12.2 mpacbti-bet1/bin/../lib/gcc/arm-none-eabi/12.2.0/thumb/v6-m/nofp\libm.a
START GROUP
LOAD d:/documents/arm gnu toolchain/12.2 mpacbti-bet1/bin/../lib/gcc/arm-none-eabi/12.2.0/thumb/v6-m/nofp\libgcc.a
LOAD d:/documents/arm gnu toolchain/12.2 mpacbti-bet1/bin/../lib/gcc/arm-none-eabi/12.2.0/thumb/v6-m/nofp\libc.a
END GROUP
START GROUP
LOAD d:/documents/arm gnu toolchain/12.2 mpacbti-bet1/bin/../lib/gcc/arm-none-eabi/12.2.0/thumb/v6-m/nofp\libgcc.a
LOAD d:/documents/arm gnu toolchain/12.2 mpacbti-bet1/bin/../lib/gcc/arm-none-eabi/12.2.0/thumb/v6-m/nofp\libc.a
LOAD d:/documents/arm gnu toolchain/12.2 mpacbti-bet1/bin/../lib/gcc/arm-none-eabi/12.2.0/thumb/v6-m/nofp\libnosys.a
END GROUP
LOAD d:/documents/arm gnu toolchain/12.2 mpacbti-bet1/bin/../lib/gcc/arm-none-eabi/12.2.0/thumb/v6-m/nofp/crtend.o
LOAD d:/documents/arm gnu toolchain/12.2 mpacbti-bet1/bin/../lib/gcc/arm-none-eabi/12.2.0/thumb/v6-m/nofp/crtn.o
OUTPUT(orionshands.elf elf32-littlearm)
LOAD linker stubs

.ARM.attributes
                0x00000000       0x28
 .ARM.attributes
                0x00000000       0x1e d:/documents/arm gnu toolchain/12.2 mpacbti-bet1/bin/../lib/gcc/arm-none-eabi/12.2.0/thumb/v6-m/nofp/crti.o
 .ARM.attributes
                0x0000001e       0x2c d:/documents/arm gnu toolchain/12.2 mpacbti-bet1/bin/../lib/gcc/arm-none-eabi/12.2.0/thumb/v6-m/nofp/crtbegin.o
 .ARM.attributes
                0x0000004a       0x2c CMakeFiles/orionshands.dir/src/main.c.obj
 .ARM.attributes
                0x00000076       0x2c CMakeFiles/orionshands.dir/D_/Documents/Github/PCB-Design/keyboard-code/pico-sdk/src/rp2_common/hardware_gpio/gpio.c.obj
 .ARM.attributes
                0x000000a2       0x2c CMakeFiles/orionshands.dir/D_/Documents/Github/PCB-Design/keyboard-code/pico-sdk/src/rp2_common/hardware_claim/claim.c.obj
 .ARM.attributes
                0x000000ce       0x2c CMakeFiles/orionshands.dir/D_/Documents/Github/PCB-Design/keyboard-code/pico-sdk/src/rp2_common/pico_platform/platform.c.obj
 .ARM.attributes
                0x000000fa       0x2c CMakeFiles/orionshands.dir/D_/Documents/Github/PCB-Design/keyboard-code/pico-sdk/src/rp2_common/hardware_sync/sync.c.obj
 .ARM.attributes
                0x00000126       0x2c CMakeFiles/orionshands.dir/D_/Documents/Github/PCB-Design/keyboard-code/pico-sdk/src/rp2_common/hardware_irq/irq.c.obj
 .ARM.attributes
                0x00000152       0x22 CMakeFiles/orionshands.dir/D_/Documents/Github/PCB-Design/keyboard-code/pico-sdk/src/rp2_common/hardware_irq/irq_handler_chain.S.obj
 .ARM.attributes
                0x00000174       0x2c CMakeFiles/orionshands.dir/D_/Documents/Github/PCB-Design/keyboard-code/pico-sdk/src/common/pico_sync/lock_core.c.obj
 .ARM.attributes
                0x000001a0       0x2c CMakeFiles/orionshands.dir/D_/Documents/Github/PCB-Design/keyboard-code/pico-sdk/src/common/pico_time/time.c.obj
 .ARM.attributes
                0x000001cc       0x2c CMakeFiles/orionshands.dir/D_/Documents/Github/PCB-Design/keyboard-code/pico-sdk/src/rp2_common/hardware_timer/timer.c.obj
 .ARM.attributes
                0x000001f8       0x2c CMakeFiles/orionshands.dir/D_/Documents/Github/PCB-Design/keyboard-code/pico-sdk/src/common/pico_util/pheap.c.obj
 .ARM.attributes
                0x00000224       0x2c CMakeFiles/orionshands.dir/D_/Documents/Github/PCB-Design/keyboard-code/pico-sdk/src/common/pico_sync/mutex.c.obj
 .ARM.attributes
                0x00000250       0x2c CMakeFiles/orionshands.dir/D_/Documents/Github/PCB-Design/keyboard-code/pico-sdk/src/common/pico_sync/critical_section.c.obj
 .ARM.attributes
                0x0000027c       0x2c CMakeFiles/orionshands.dir/D_/Documents/Github/PCB-Design/keyboard-code/pico-sdk/src/rp2_common/pico_runtime/runtime.c.obj
 .ARM.attributes
                0x000002a8       0x2c CMakeFiles/orionshands.dir/D_/Documents/Github/PCB-Design/keyboard-code/pico-sdk/src/rp2_common/hardware_clocks/clocks.c.obj
 .ARM.attributes
                0x000002d4       0x2c CMakeFiles/orionshands.dir/D_/Documents/Github/PCB-Design/keyboard-code/pico-sdk/src/rp2_common/hardware_pll/pll.c.obj
 .ARM.attributes
                0x00000300       0x2c CMakeFiles/orionshands.dir/D_/Documents/Github/PCB-Design/keyboard-code/pico-sdk/src/rp2_common/hardware_watchdog/watchdog.c.obj
 .ARM.attributes
                0x0000032c       0x2c CMakeFiles/orionshands.dir/D_/Documents/Github/PCB-Design/keyboard-code/pico-sdk/src/rp2_common/hardware_xosc/xosc.c.obj
 .ARM.attributes
                0x00000358       0x2c CMakeFiles/orionshands.dir/D_/Documents/Github/PCB-Design/keyboard-code/pico-sdk/src/rp2_common/pico_printf/printf.c.obj
 .ARM.attributes
                0x00000384       0x22 CMakeFiles/orionshands.dir/D_/Documents/Github/PCB-Design/keyboard-code/pico-sdk/src/rp2_common/pico_bit_ops/bit_ops_aeabi.S.obj
 .ARM.attributes
                0x000003a6       0x2c CMakeFiles/orionshands.dir/D_/Documents/Github/PCB-Design/keyboard-code/pico-sdk/src/rp2_common/pico_bootrom/bootrom.c.obj
 .ARM.attributes
                0x000003d2       0x22 CMakeFiles/orionshands.dir/D_/Documents/Github/PCB-Design/keyboard-code/pico-sdk/src/rp2_common/pico_divider/divider.S.obj
 .ARM.attributes
                0x000003f4       0x22 CMakeFiles/orionshands.dir/D_/Documents/Github/PCB-Design/keyboard-code/pico-sdk/src/rp2_common/pico_double/double_aeabi.S.obj
 .ARM.attributes
                0x00000416       0x2c CMakeFiles/orionshands.dir/D_/Documents/Github/PCB-Design/keyboard-code/pico-sdk/src/rp2_common/pico_double/double_init_rom.c.obj
 .ARM.attributes
                0x00000442       0x22 CMakeFiles/orionshands.dir/D_/Documents/Github/PCB-Design/keyboard-code/pico-sdk/src/rp2_common/pico_double/double_v1_rom_shim.S.obj
 .ARM.attributes
                0x00000464       0x22 CMakeFiles/orionshands.dir/D_/Documents/Github/PCB-Design/keyboard-code/pico-sdk/src/rp2_common/pico_int64_ops/pico_int64_ops_aeabi.S.obj