Archive member included to satisfy reference by file (symbol)

d:/documents/arm gnu toolchain/12.2 mpacbti-bet1/bin/../lib/gcc/arm-none-eabi/12.2.0/thumb/v6-m/nofp\libgcc.a(_dvmd_tls.o)
                              CMakeFiles/orionshands.dir/D_/Documents/Github/PCB-Design/keyboard-code/pico-sdk/src/rp2_common/pico_divider/divider.S.obj (__aeabi_idiv0)
d:/documents/arm gnu toolchain/12.2 mpacbti-bet1/bin/../lib/gcc/arm-none-eabi/12.2.0/thumb/v6-m/nofp\libc.a(libc_a-calloc.o)
                              CMakeFiles/orionshands.dir/D_/Documents/Github/PCB-Design/keyboard-code/pico-sdk/src/rp2_common/pico_malloc/pico_malloc.c.obj (calloc)
d:/documents/arm gnu toolchain/12.2 mpacbti-bet1/bin/../lib/gcc/arm-none-eabi/12.2.0/thumb/v6-m/nofp\libc.a(libc_a-callocr.o)
                              d:/documents/arm gnu toolchain/12.2 mpacbti-bet1/bin/../lib/gcc/arm-none-eabi/12.2.0/thumb/v6-m/nofp\libc.a(libc_a-calloc.o) (_calloc_r)
d:/documents/arm gnu toolchain/12.2 mpacbti-bet1/bin/../lib/gcc/arm-none-eabi/12.2.0/thumb/v6-m/nofp\libc.a(libc_a-malloc.o)
                              CMakeFiles/orionshands.dir/D_/Documents/Github/PCB-Design/keyboard-code/pico-sdk/src/rp2_common/pico_malloc/pico_malloc.c.obj (malloc)
d:/documents/arm gnu toolchain/12.2 mpacbti-bet1/bin/../lib/gcc/arm-none-eabi/12.2.0/thumb/v6-m/nofp\libc.a(libc_a-mallocr.o)
                              d:/documents/arm gnu toolchain/12.2 mpacbti-bet1/bin/../lib/gcc/arm-none-eabi/12.2.0/thumb/v6-m/nofp\libc.a(libc_a-callocr.o) (_malloc_r)
d:/documents/arm gnu toolchain/12.2 mpacbti-bet1/bin/../lib/gcc/arm-none-eabi/12.2.0/thumb/v6-m/nofp\libc.a(libc_a-mlock.o)
                              d:/documents/arm gnu toolchain/12.2 mpacbti-bet1/bin/../lib/gcc/arm-none-eabi/12.2.0/thumb/v6-m/nofp\libc.a(libc_a-mallocr.o) (__malloc_lock)
d:/documents/arm gnu toolchain/12.2 mpacbti-bet1/bin/../lib/gcc/arm-none-eabi/12.2.0/thumb/v6-m/nofp\libc.a(libc_a-realloc.o)
                              CMakeFiles/orionshands.dir/D_/Documents/Github/PCB-Design/keyboard-code/pico-sdk/src/rp2_common/pico_malloc/pico_malloc.c.obj (realloc)
d:/documents/arm gnu toolchain/12.2 mpacbti-bet1/bin/../lib/gcc/arm-none-eabi/12.2.0/thumb/v6-m/nofp\libc.a(libc_a-reallocr.o)
                              d:/documents/arm gnu toolchain/12.2 mpacbti-bet1/bin/../lib/gcc/arm-none-eabi/12.2.0/thumb/v6-m/nofp\libc.a(libc_a-realloc.o) (_realloc_r)
d:/documents/arm gnu toolchain/12.2 mpacbti-bet1/bin/../lib/gcc/arm-none-eabi/12.2.0/thumb/v6-m/nofp\libc.a(libc_a-memmove.o)
                              d:/documents/arm gnu toolchain/12.2 mpacbti-bet1/bin/../lib/gcc/arm-none-eabi/12.2.0/thumb/v6-m/nofp\libc.a(libc_a-reallocr.o) (memmove)
d:/documents/arm gnu toolchain/12.2 mpacbti-bet1/bin/../lib/gcc/arm-none-eabi/12.2.0/thumb/v6-m/nofp\libc.a(libc_a-impure.o)
                              d:/documents/arm gnu toolchain/12.2 mpacbti-bet1/bin/../lib/gcc/arm-none-eabi/12.2.0/thumb/v6-m/nofp\libc.a(libc_a-calloc.o) (_impure_ptr)
d:/documents/arm gnu toolchain/12.2 mpacbti-bet1/bin/../lib/gcc/arm-none-eabi/12.2.0/thumb/v6-m/nofp\libc.a(libc_a-sbrkr.o)
                              d:/documents/arm gnu toolchain/12.2 mpacbti-bet1/bin/../lib/gcc/arm-none-eabi/12.2.0/thumb/v6-m/nofp\libc.a(libc_a-mallocr.o) (_sbrk_r)
d:/documents/arm gnu toolchain/12.2 mpacbti-bet1/bin/../lib/gcc/arm-none-eabi/12.2.0/thumb/v6-m/nofp\libc.a(libc_a-errno.o)
                              d:/documents/arm gnu toolchain/12.2 mpacbti-bet1/bin/../lib/gcc/arm-none-eabi/12.2.0/thumb/v6-m/nofp\libc.a(libc_a-callocr.o) (__errno)
d:/documents/arm gnu toolchain/12.2 mpacbti-bet1/bin/../lib/gcc/arm-none-eabi/12.2.0/thumb/v6-m/nofp\libc.a(libc_a-init.o)
                              d:/documents/arm gnu toolchain/12.2 mpacbti-bet1/bin/../lib/gcc/arm-none-eabi/12.2.0/thumb/v6-m/nofp/crt0.o (__libc_init_array)
d:/documents/arm gnu toolchain/12.2 mpacbti-bet1/bin/../lib/gcc/arm-none-eabi/12.2.0/thumb/v6-m/nofp\libc.a(libc_a-lock.o)
                              d:/documents/arm gnu toolchain/12.2 mpacbti-bet1/bin/../lib/gcc/arm-none-eabi/12.2.0/thumb/v6-m/nofp\libc.a(libc_a-mlock.o) (__retarget_lock_acquire_recursive)
d:/documents/arm gnu toolchain/12.2 mpacbti-bet1/bin/../lib/gcc/arm-none-eabi/12.2.0/thumb/v6-m/nofp\libc.a(libc_a-strlen-stub.o)
                              CMakeFiles/orionshands.dir/D_/Documents/Github/PCB-Design/keyboard-code/pico-sdk/src/rp2_common/pico_stdio/stdio.c.obj (strlen)
d:/documents/arm gnu toolchain/12.2 mpacbti-bet1/bin/../lib/gcc/arm-none-eabi/12.2.0/thumb/v6-m/nofp\libc.a(libc_a-freer.o)
                              d:/documents/arm gnu toolchain/12.2 mpacbti-bet1/bin/../lib/gcc/arm-none-eabi/12.2.0/thumb/v6-m/nofp\libc.a(libc_a-malloc.o) (_free_r)
d:/documents/arm gnu toolchain/12.2 mpacbti-bet1/bin/../lib/gcc/arm-none-eabi/12.2.0/thumb/v6-m/nofp\libc.a(libc_a-findfp.o)
[...]
Memory Configuration

Name             Origin             Length             Attributes
FLASH            0x10000000         0x00200000         xr
RAM              0x20000000         0x00040000         xrw
SCRATCH_X        0x20040000         0x00001000         xrw
SCRATCH_Y        0x20041000         0x00001000         xrw
*default*        0x00000000         0xffffffff

Linker script and memory map

LOAD d:/documents/arm gnu toolchain/12.2 mpacbti-bet1/bin/../lib/gcc/arm-none-eabi/12.2.0/thumb/v6-m/nofp/crti.o
LOAD d:/documents/arm gnu toolchain/12.2 mpacbti-bet1/bin/../lib/gcc/arm-none-eabi/12.2.0/thumb/v6-m/nofp/crtbegin.o
LOAD d:/documents/arm gnu toolchain/12.2 mpacbti-bet1/bin/../lib/gcc/arm-none-eabi/12.2.0/thumb/v6-m/nofp/crt0.o

.flash_begin    0x10000000        0x0
                0x10000000                        __flash_binary_start = .

.boot2          0x10000000      0x100
                0x10000000                        __boot2_start__ = .
 *(.boot2)
 .boot2         0x10000000      0x100 C:\Users\Alex\AppData\Local\Temp\ccGA091S.o
                0x10000100                        __boot2_end__ = .
                0x00000001                        ASSERT (((__boot2_end__ - __boot2_start__) == 0x100), ERROR: Pico second stage bootloader must be 256 bytes in size)

.text           0x10000100     0x1c18
                0x10000100                        __logical_binary_start = .
 *(.vectors)
 .vectors       0x10000100       0xd4 CMakeFiles/orionshands.dir/D_/Documents/Github/PCB-Design/keyboard-code/pico-sdk/src/rp2_common/pico_standard_link/crt0.S.obj
                0x10000100                __VECTOR_TABLE
                0x10000100                __vectors
                0x100001c0                isr_invalid
                0x100001c0                __default_isrs_start
                0x100001c2                isr_nmi
                0x100001c4                isr_hardfault
                0x100001c6                isr_svcall
                0x100001c8                isr_pendsv
                0x100001ca                isr_systick
                0x100001cc                isr_irq23
                0x100001cc                isr_irq18
                0x100001cc                isr_irq11
                0x100001cc                isr_irq28
                0x100001cc                isr_irq19
                0x100001cc                isr_irq0
                0x100001cc                isr_irq6
                0x100001cc                isr_irq5
                0x100001cc                isr_irq12
                0x100001cc                isr_irq22
                0x100001cc                isr_irq31
                0x100001cc                isr_irq17
                0x100001cc                isr_irq27
                0x100001cc                isr_irq30
                0x100001cc                isr_irq2
                0x100001cc                isr_irq10
                0x100001cc                isr_irq8
                0x100001cc                isr_irq24
                0x100001cc                isr_irq1
                0x100001cc                isr_irq7
                0x100001cc                isr_irq21
                0x100001cc                isr_irq20
                0x100001cc                isr_irq15
                0x100001cc                isr_irq25
                0x100001cc                isr_irq13
                0x100001cc                __unhandled_user_irq
                0x100001cc                isr_irq4
                0x100001cc                isr_irq16
                0x100001cc                isr_irq29
                0x100001cc                isr_irq26
                0x100001cc                __default_isrs_end
                0x100001cc                isr_irq3
                0x100001cc                isr_irq14
                0x100001cc                isr_irq9
                0x100001d2                unhandled_user_irq_num_in_r0
 *(.binary_info_header)
 .binary_info_header
                0x100001d4       0x14 CMakeFiles/orionshands.dir/D_/Documents/Github/PCB-Design/keyboard-code/pico-sdk/src/rp2_common/pico_standard_link/crt0.S.obj
                0x100001e8                        __binary_info_header_end = .
 *(.reset)
 .reset         0x100001e8       0xa8 CMakeFiles/orionshands.dir/D_/Documents/Github/PCB-Design/keyboard-code/pico-sdk/src/rp2_common/pico_standard_link/crt0.S.obj
                0x100001e8                _entry_point
                0x10000266                __get_current_exception
 .reset         0x10000290       0x30 CMakeFiles/orionshands.dir/D_/Documents/Github/PCB-Design/keyboard-code/pico-sdk/src/rp2_common/pico_standard_link/binary_info.c.obj
 *(.init)
 .init          0x100002c0        0x4 d:/documents/arm gnu toolchain/12.2 mpacbti-bet1/bin/../lib/gcc/arm-none-eabi/12.2.0/thumb/v6-m/nofp/crti.o
                0x100002c0                _init
 *(EXCLUDE_FILE(*libm.a: *libc.a:*lib_a-mem*.o *libgcc.a:) .text*)
 .text.register_tm_clones
                0x100002c4       0x28 d:/documents/arm gnu toolchain/12.2 mpacbti-bet1/bin/../lib/gcc/arm-none-eabi/12.2.0/thumb/v6-m/nofp/crtbegin.o
 .text.frame_dummy
                0x100002ec       0x24 d:/documents/arm gnu toolchain/12.2 mpacbti-bet1/bin/../lib/gcc/arm-none-eabi/12.2.0/thumb/v6-m/nofp/crtbegin.o
 .text.startup.main
                0x10000310      0x19c CMakeFiles/orionshands.dir/src/main.c.obj
                0x10000310                main
 .text.gpio_set_pulls
                0x100004ac       0x24 CMakeFiles/orionshands.dir/D_/Documents/Github/PCB-Design/keyboard-code/pico-sdk/src/rp2_common/hardware_gpio/gpio.c.obj
                0x100004ac                gpio_set_pulls
 .text.gpio_init
                0x100004d0       0x3c CMakeFiles/orionshands.dir/D_/Documents/Github/PCB-Design/keyboard-code/pico-sdk/src/rp2_common/hardware_gpio/gpio.c.obj
                0x100004d0                gpio_init
 .text.hw_claim_or_assert
                0x1000050c       0x44 CMakeFiles/orionshands.dir/D_/Documents/Github/PCB-Design/keyboard-code/pico-sdk/src/rp2_common/hardware_claim/claim.c.obj
                0x1000050c                hw_claim_or_assert
 .text.running_on_fpga
                0x10000550       0x10 CMakeFiles/orionshands.dir/D_/Documents/Github/PCB-Design/keyboard-code/pico-sdk/src/rp2_common/pico_platform/platform.c.obj
                0x10000550                running_on_fpga
 .text.spin_locks_reset
                0x10000560       0x1c CMakeFiles/orionshands.dir/D_/Documents/Github/PCB-Design/keyboard-code/pico-sdk/src/rp2_common/hardware_sync/sync.c.obj
                0x10000560                spin_locks_reset
 .text.next_striped_spin_lock_num
                0x1000057c       0x18 CMakeFiles/orionshands.dir/D_/Documents/Github/PCB-Design/keyboard-code/pico-sdk/src/rp2_common/hardware_sync/sync.c.obj
                0x1000057c                next_striped_spin_lock_num
 .text.irq_set_enabled
                0x10000594       0x24 CMakeFiles/orionshands.dir/D_/Documents/Github/PCB-Design/keyboard-code/pico-sdk/src/rp2_common/hardware_irq/irq.c.obj
                0x10000594                irq_set_enabled
 .text.irq_get_vtable_handler
                0x100005b8       0x10 CMakeFiles/orionshands.dir/D_/Documents/Github/PCB-Design/keyboard-code/pico-sdk/src/rp2_common/hardware_irq/irq.c.obj
                0x100005b8                irq_get_vtable_handler
 .text.irq_set_exclusive_handler
                0x100005c8       0x54 CMakeFiles/orionshands.dir/D_/Documents/Github/PCB-Design/keyboard-code/pico-sdk/src/rp2_common/hardware_irq/irq.c.obj
                0x100005c8                irq_set_exclusive_handler
 .text.irq_remove_handler
                0x1000061c      0x1cc CMakeFiles/orionshands.dir/D_/Documents/Github/PCB-Design/keyboard-code/pico-sdk/src/rp2_common/hardware_irq/irq.c.obj
                0x1000061c                irq_remove_handler
 .text.irq_add_tail_to_free_list
                0x100007e8       0xb4 CMakeFiles/orionshands.dir/D_/Documents/Github/PCB-Design/keyboard-code/pico-sdk/src/rp2_common/hardware_irq/irq.c.obj
                0x100007e8                irq_add_tail_to_free_list
 .text.irq_init_priorities
                0x1000089c       0x24 CMakeFiles/orionshands.dir/D_/Documents/Github/PCB-Design/keyboard-code/pico-sdk/src/rp2_common/hardware_irq/irq.c.obj
                0x1000089c                irq_init_priorities
 .text.lock_init
                0x100008c0       0x10 CMakeFiles/orionshands.dir/D_/Documents/Github/PCB-Design/keyboard-code/pico-sdk/src/common/pico_sync/lock_core.c.obj
                0x100008c0                lock_init
 .text.timer_pool_entry_comparator
                0x100008d0       0x34 CMakeFiles/orionshands.dir/D_/Documents/Github/PCB-Design/keyboard-code/pico-sdk/src/common/pico_time/time.c.obj
                0x100008d0                timer_pool_entry_comparator
 .text.add_alarm_under_lock.isra.0
                0x10000904      0x100 CMakeFiles/orionshands.dir/D_/Documents/Github/PCB-Design/keyboard-code/pico-sdk/src/common/pico_time/time.c.obj
 .text.alarm_pool_alarm_callback
                0x10000a04      0x1c4 CMakeFiles/orionshands.dir/D_/Documents/Github/PCB-Design/keyboard-code/pico-sdk/src/common/pico_time/time.c.obj
 .text.alarm_pool_init_default
                0x10000bc8       0x64 CMakeFiles/orionshands.dir/D_/Documents/Github/PCB-Design/keyboard-code/pico-sdk/src/common/pico_time/time.c.obj
                0x10000bc8                alarm_pool_init_default
 .text.hardware_alarm_irq_handler
                0x10000c2c       0xb8 CMakeFiles/orionshands.dir/D_/Documents/Github/PCB-Design/keyboard-code/pico-sdk/src/rp2_common/hardware_timer/timer.c.obj
 .text.hardware_alarm_claim
                0x10000ce4       0x18 CMakeFiles/orionshands.dir/D_/Documents/Github/PCB-Design/keyboard-code/pico-sdk/src/rp2_common/hardware_timer/timer.c.obj
                0x10000ce4                hardware_alarm_claim
 .text.time_us_64
                0x10000cfc       0x14 CMakeFiles/orionshands.dir/D_/Documents/Github/PCB-Design/keyboard-code/pico-sdk/src/rp2_common/hardware_timer/timer.c.obj
                0x10000cfc                time_us_64
 .text.hardware_alarm_set_callback
                0x10000d10       0x8c CMakeFiles/orionshands.dir/D_/Documents/Github/PCB-Design/keyboard-code/pico-sdk/src/rp2_common/hardware_timer/timer.c.obj
                0x10000d10                hardware_alarm_set_callback
 .text.hardware_alarm_set_target
                0x10000d9c       0xdc CMakeFiles/orionshands.dir/D_/Documents/Github/PCB-Design/keyboard-code/pico-sdk/src/rp2_common/hardware_timer/timer.c.obj
                0x10000d9c                hardware_alarm_set_target
 .text.hardware_alarm_cancel
                0x10000e78       0x3c CMakeFiles/orionshands.dir/D_/Documents/Github/PCB-Design/keyboard-code/pico-sdk/src/rp2_common/hardware_timer/timer.c.obj
                0x10000e78                hardware_alarm_cancel
 .text.ph_merge_nodes
                0x10000eb4       0x64 CMakeFiles/orionshands.dir/D_/Documents/Github/PCB-Design/keyboard-code/pico-sdk/src/common/pico_util/pheap.c.obj
 .text.ph_post_alloc_init
                0x10000f18       0x3c CMakeFiles/orionshands.dir/D_/Documents/Github/PCB-Design/keyboard-code/pico-sdk/src/common/pico_util/pheap.c.obj
                0x10000f18                ph_post_alloc_init
 .text.ph_merge_two_pass
                0x10000f54       0x98 CMakeFiles/orionshands.dir/D_/Documents/Github/PCB-Design/keyboard-code/pico-sdk/src/common/pico_util/pheap.c.obj
                0x10000f54                ph_merge_two_pass
 .text.ph_remove_any_head
                0x10000fec      0x12c CMakeFiles/orionshands.dir/D_/Documents/Github/PCB-Design/keyboard-code/pico-sdk/src/common/pico_util/pheap.c.obj
 .text.ph_remove_head
                0x10001118      0x130 CMakeFiles/orionshands.dir/D_/Documents/Github/PCB-Design/keyboard-code/pico-sdk/src/common/pico_util/pheap.c.obj
                0x10001118                ph_remove_head
 .text.ph_remove_and_free_node
                0x10001248       0x78 CMakeFiles/orionshands.dir/D_/Documents/Github/PCB-Design/keyboard-code/pico-sdk/src/common/pico_util/pheap.c.obj
                0x10001248                ph_remove_and_free_node
 .text.mutex_init
                0x100012c0       0x1c CMakeFiles/orionshands.dir/D_/Documents/Github/PCB-Design/keyboard-code/pico-sdk/src/common/pico_sync/mutex.c.obj
                0x100012c0                mutex_init
 .text.recursive_mutex_init
                0x100012dc       0x1c CMakeFiles/orionshands.dir/D_/Documents/Github/PCB-Design/keyboard-code/pico-sdk/src/common/pico_sync/mutex.c.obj
                0x100012dc                recursive_mutex_init
 .text.runtime_init
                0x100012f8       0xf0 CMakeFiles/orionshands.dir/D_/Documents/Github/PCB-Design/keyboard-code/pico-sdk/src/rp2_common/pico_runtime/runtime.c.obj
                0x100012f8                runtime_init
 .text.exit     0x100013e8        0x4 CMakeFiles/orionshands.dir/D_/Documents/Github/PCB-Design/keyboard-code/pico-sdk/src/rp2_common/pico_runtime/runtime.c.obj
                0x100013e8                exit
 .text.panic    0x100013ec       0x30 CMakeFiles/orionshands.dir/D_/Documents/Github/PCB-Design/keyboard-code/pico-sdk/src/rp2_common/pico_runtime/runtime.c.obj
                0x100013ec                panic
 .text.hard_assertion_failure
                0x1000141c        0xc CMakeFiles/orionshands.dir/D_/Documents/Github/PCB-Design/keyboard-code/pico-sdk/src/rp2_common/pico_runtime/runtime.c.obj
                0x1000141c                hard_assertion_failure
 .text.clocks_init
                0x10001428      0x2b4 CMakeFiles/orionshands.dir/D_/Documents/Github/PCB-Design/keyboard-code/pico-sdk/src/rp2_common/hardware_clocks/clocks.c.obj
                0x10001428                clocks_init
 .text.pll_init
                0x100016dc       0xa8 CMakeFiles/orionshands.dir/D_/Documents/Github/PCB-Design/keyboard-code/pico-sdk/src/rp2_common/hardware_pll/pll.c.obj
                0x100016dc                pll_init
 .text.watchdog_start_tick
                0x10001784       0x10 CMakeFiles/orionshands.dir/D_/Documents/Github/PCB-Design/keyboard-code/pico-sdk/src/rp2_common/hardware_watchdog/watchdog.c.obj
                0x10001784                watchdog_start_tick
 .text.xosc_init
                0x10001794       0x28 CMakeFiles/orionshands.dir/D_/Documents/Github/PCB-Design/keyboard-code/pico-sdk/src/rp2_common/hardware_xosc/xosc.c.obj
                0x10001794                xosc_init
 .text._out_char
                0x100017bc       0x10 CMakeFiles/orionshands.dir/D_/Documents/Github/PCB-Design/keyboard-code/pico-sdk/src/rp2_common/pico_printf/printf.c.obj
 .text.weak_raw_vprintf
                0x100017cc       0x30 CMakeFiles/orionshands.dir/D_/Documents/Github/PCB-Design/keyboard-code/pico-sdk/src/rp2_common/pico_printf/printf.c.obj
                0x100017cc                weak_raw_vprintf
 .text          0x100017fc       0x10 CMakeFiles/orionshands.dir/D_/Documents/Github/PCB-Design/keyboard-code/pico-sdk/src/rp2_common/pico_bit_ops/bit_ops_aeabi.S.obj
 .text.rom_func_lookup
                0x1000180c       0x10 CMakeFiles/orionshands.dir/D_/Documents/Github/PCB-Design/keyboard-code/pico-sdk/src/rp2_common/pico_bootrom/bootrom.c.obj
                0x1000180c                rom_func_lookup
 .text.rom_data_lookup
                0x1000181c       0x10 CMakeFiles/orionshands.dir/D_/Documents/Github/PCB-Design/keyboard-code/pico-sdk/src/rp2_common/pico_bootrom/bootrom.c.obj
                0x1000181c                rom_data_lookup
 .text.rom_funcs_lookup
                0x1000182c       0x44 CMakeFiles/orionshands.dir/D_/Documents/Github/PCB-Design/keyboard-code/pico-sdk/src/rp2_common/pico_bootrom/bootrom.c.obj
                0x1000182c                rom_funcs_lookup
 .text.__wrap___aeabi_uidiv
                0x10001870       0x4c CMakeFiles/orionshands.dir/D_/Documents/Github/PCB-Design/keyboard-code/pico-sdk/src/rp2_common/pico_divider/divider.S.obj
                0x10001870                __wrap___aeabi_uidiv
                0x10001870                __wrap___aeabi_uidivmod
                0x10001870                div_u32u32
                0x10001870                divmod_u32u32
                0x10001878                divmod_u32u32_unsafe
                0x100018a0                divmod_u32u32_savestate
 .text.__aeabi_double_init
                0x100018bc       0x98 CMakeFiles/orionshands.dir/D_/Documents/Github/PCB-Design/keyboard-code/pico-sdk/src/rp2_common/pico_double/double_init_rom.c.obj
                0x100018bc                __aeabi_double_init
 .text.double_table_shim_on_use_helper
                0x10001954       0x2c CMakeFiles/orionshands.dir/D_/Documents/Github/PCB-Design/keyboard-code/pico-sdk/src/rp2_common/pico_double/double_v1_rom_shim.S.obj
                0x10001954                double_table_shim_on_use_helper
 .text.__aeabi_float_init
                0x10001980       0x64 CMakeFiles/orionshands.dir/D_/Documents/Github/PCB-Design/keyboard-code/pico-sdk/src/rp2_common/pico_float/float_init_rom.c.obj
                0x10001980                __aeabi_float_init
 .text.float_table_shim_on_use_helper
                0x100019e4       0x2c CMakeFiles/orionshands.dir/D_/Documents/Github/PCB-Design/keyboard-code/pico-sdk/src/rp2_common/pico_float/float_v1_rom_shim.S.obj
                0x100019e4                float_table_shim_on_use_helper
 .text          0x10001a10       0x10 CMakeFiles/orionshands.dir/D_/Documents/Github/PCB-Design/keyboard-code/pico-sdk/src/rp2_common/pico_mem_ops/mem_ops_aeabi.S.obj
                0x10001a10                __aeabi_mem_init
 .text.memcpy   0x10001a20        0xc CMakeFiles/orionshands.dir/D_/Documents/Github/PCB-Design/keyboard-code/pico-sdk/src/rp2_common/pico_mem_ops/mem_ops_aeabi.S.obj
                0x10001a20                __wrap_memcpy
                0x10001a20                __wrap___aeabi_memcpy
 .text.stdio_out_chars_crlf
                0x10001a2c       0xbc CMakeFiles/orionshands.dir/D_/Documents/Github/PCB-Design/keyboard-code/pico-sdk/src/rp2_common/pico_stdio/stdio.c.obj
 .text.__wrap_putchar
                0x10001ae8       0xa4 CMakeFiles/orionshands.dir/D_/Documents/Github/PCB-Design/keyboard-code/pico-sdk/src/rp2_common/pico_stdio/stdio.c.obj
                0x10001ae8                __wrap_putchar
 .text.__wrap_puts
                0x10001b8c       0xe8 CMakeFiles/orionshands.dir/D_/Documents/Github/PCB-Design/keyboard-code/pico-sdk/src/rp2_common/pico_stdio/stdio.c.obj
                0x10001b8c                __wrap_puts
 .text.strlen   0x10001c74       0x5c d:/documents/arm gnu toolchain/12.2 mpacbti-bet1/bin/../lib/gcc/arm-none-eabi/12.2.0/thumb/v6-m/nofp\libc.a(libc_a-strlen-stub.o)
                0x10001c74                strlen
 *(.fini)
 .fini          0x10001cd0        0x4 d:/documents/arm gnu toolchain/12.2 mpacbti-bet1/bin/../lib/gcc/arm-none-eabi/12.2.0/thumb/v6-m/nofp/crti.o
                0x10001cd0                _fini
 *fill*         0x10001cd4        0x4 
 .fini.__stub   0x10001cd8       0x40 linker stubs
 *crtbegin.o(.ctors)
 *crtbegin?.o(.ctors)
 *(EXCLUDE_FILE(*crtend.o *crtend?.o) .ctors)
 *(SORT_BY_NAME(.ctors.*))
 *(.ctors)
 *crtbegin.o(.dtors)
 *crtbegin?.o(.dtors)
 *(EXCLUDE_FILE(*crtend.o *crtend?.o) .dtors)
 *(SORT_BY_NAME(.dtors.*))
 *(.dtors)
 *(.eh_frame*)
 .eh_frame      0x10001d18        0x0 d:/documents/arm gnu toolchain/12.2 mpacbti-bet1/bin/../lib/gcc/arm-none-eabi/12.2.0/thumb/v6-m/nofp/crtbegin.o
                0x10001d18                        . = ALIGN (0x4)

.glue_7         0x10001d18        0x0
 .glue_7        0x10001d18        0x0 linker stubs

.glue_7t        0x10001d18        0x0
 .glue_7t       0x10001d18        0x0 linker stubs

.vfp11_veneer   0x10001d18        0x0
 .vfp11_veneer  0x10001d18        0x0 linker stubs

.v4_bx          0x10001d18        0x0
 .v4_bx         0x10001d18        0x0 linker stubs

.iplt           0x10001d18        0x0
 .iplt          0x10001d18        0x0 d:/documents/arm gnu toolchain/12.2 mpacbti-bet1/bin/../lib/gcc/arm-none-eabi/12.2.0/thumb/v6-m/nofp/crtbegin.o

.rodata         0x10001d18       0xf8
 *(EXCLUDE_FILE(*libm.a: *libc.a:*lib_a-mem*.o *libgcc.a:) .rodata*)
 .rodata        0x10001d18       0x4c CMakeFiles/orionshands.dir/src/main.c.obj
 .rodata.hardware_alarm_claim.str1.4
                0x10001d64       0x22 CMakeFiles/orionshands.dir/D_/Documents/Github/PCB-Design/keyboard-code/pico-sdk/src/rp2_common/hardware_timer/timer.c.obj
 *fill*         0x10001d86        0x2 
 .rodata.panic.str1.4
                0x10001d88       0x12 CMakeFiles/orionshands.dir/D_/Documents/Github/PCB-Design/keyboard-code/pico-sdk/src/rp2_common/pico_runtime/runtime.c.obj
 *fill*         0x10001d9a        0x2 
 .rodata.hard_assertion_failure.str1.4
                0x10001d9c        0xc CMakeFiles/orionshands.dir/D_/Documents/Github/PCB-Design/keyboard-code/pico-sdk/src/rp2_common/pico_runtime/runtime.c.obj
 .rodata.str1.4
                0x10001da8       0x40 CMakeFiles/orionshands.dir/D_/Documents/Github/PCB-Design/keyboard-code/pico-sdk/src/rp2_common/pico_standard_link/binary_info.c.obj
 .rodata.__bi_81
                0x10001de8        0xc CMakeFiles/orionshands.dir/D_/Documents/Github/PCB-Design/keyboard-code/pico-sdk/src/rp2_common/pico_standard_link/binary_info.c.obj
 .rodata.__bi_75
                0x10001df4        0xc CMakeFiles/orionshands.dir/D_/Documents/Github/PCB-Design/keyboard-code/pico-sdk/src/rp2_common/pico_standard_link/binary_info.c.obj
 .rodata.__bi_44
                0x10001e00        0xc CMakeFiles/orionshands.dir/D_/Documents/Github/PCB-Design/keyboard-code/pico-sdk/src/rp2_common/pico_standard_link/binary_info.c.obj
 .rodata.crlf_str.0
                0x10001e0c        0x2 CMakeFiles/orionshands.dir/D_/Documents/Github/PCB-Design/keyboard-code/pico-sdk/src/rp2_common/pico_stdio/stdio.c.obj
                0x10001e10                        . = ALIGN (0x4)
 *fill*         0x10001e0e        0x2 
 *(SORT_BY_ALIGNMENT(SORT_BY_NAME(.flashdata*)))
                0x10001e10                        . = ALIGN (0x4)

.rel.dyn        0x10001e10        0x0
 .rel.iplt      0x10001e10        0x0 d:/documents/arm gnu toolchain/12.2 mpacbti-bet1/bin/../lib/gcc/arm-none-eabi/12.2.0/thumb/v6-m/nofp/crtbegin.o

.ARM.extab
 *(.ARM.extab* .gnu.linkonce.armextab.*)
                0x10001e10                        __exidx_start = .

.ARM.exidx
 *(.ARM.exidx* .gnu.linkonce.armexidx.*)
                0x10001e10                        __exidx_end = .
                0x10001e10                        . = ALIGN (0x4)
                0x10001e10                        __binary_info_start = .

.binary_info    0x10001e10       0x1c
 *(.binary_info.keep.*)
 .binary_info.keep.__bi_ptr81
                0x10001e10        0x4 CMakeFiles/orionshands.dir/D_/Documents/Github/PCB-Design/keyboard-code/pico-sdk/src/rp2_common/pico_standard_link/binary_info.c.obj
 .binary_info.keep.__bi_ptr75
                0x10001e14        0x4 CMakeFiles/orionshands.dir/D_/Documents/Github/PCB-Design/keyboard-code/pico-sdk/src/rp2_common/pico_standard_link/binary_info.c.obj
 .binary_info.keep.__bi_ptr50
                0x10001e18        0x4 CMakeFiles/orionshands.dir/D_/Documents/Github/PCB-Design/keyboard-code/pico-sdk/src/rp2_common/pico_standard_link/binary_info.c.obj
 .binary_info.keep.__bi_ptr44
                0x10001e1c        0x4 CMakeFiles/orionshands.dir/D_/Documents/Github/PCB-Design/keyboard-code/pico-sdk/src/rp2_common/pico_standard_link/binary_info.c.obj
 .binary_info.keep.__bi_ptr38
                0x10001e20        0x4 CMakeFiles/orionshands.dir/D_/Documents/Github/PCB-Design/keyboard-code/pico-sdk/src/rp2_common/pico_standard_link/binary_info.c.obj
 .binary_info.keep.__bi_ptr30
                0x10001e24        0x4 CMakeFiles/orionshands.dir/D_/Documents/Github/PCB-Design/keyboard-code/pico-sdk/src/rp2_common/pico_standard_link/binary_info.c.obj
 .binary_info.keep.__bi_ptr22
                0x10001e28        0x4 CMakeFiles/orionshands.dir/D_/Documents/Github/PCB-Design/keyboard-code/pico-sdk/src/rp2_common/pico_standard_link/binary_info.c.obj
 *(.binary_info.*)
                0x10001e2c                        __binary_info_end = .
                0x10001e2c                        . = ALIGN (0x4)
                0x10001e2c                        __etext = .

.ram_vector_table
                0x20000000       0xc0
 *(.ram_vector_table)
 .ram_vector_table
                0x20000000       0xc0 CMakeFiles/orionshands.dir/D_/Documents/Github/PCB-Design/keyboard-code/pico-sdk/src/rp2_common/pico_runtime/runtime.c.obj
                0x20000000                ram_vector_table

.data           0x200000c0      0x16c load address 0x10001e2c
                0x200000c0                        __data_start__ = .
 *(vtable)
 *(.time_critical*)
 .time_critical.mutex_enter_blocking
                0x200000c0       0x48 CMakeFiles/orionshands.dir/D_/Documents/Github/PCB-Design/keyboard-code/pico-sdk/src/common/pico_sync/mutex.c.obj
                0x200000c0                mutex_enter_blocking
 .time_critical.mutex_try_enter
                0x20000108       0x40 CMakeFiles/orionshands.dir/D_/Documents/Github/PCB-Design/keyboard-code/pico-sdk/src/common/pico_sync/mutex.c.obj
                0x20000108                mutex_try_enter
 .time_critical.mutex_exit
                0x20000148       0x28 CMakeFiles/orionshands.dir/D_/Documents/Github/PCB-Design/keyboard-code/pico-sdk/src/common/pico_sync/mutex.c.obj
                0x20000148                mutex_exit
 *(.text*)
 .text          0x20000170        0x4 d:/documents/arm gnu toolchain/12.2 mpacbti-bet1/bin/../lib/gcc/arm-none-eabi/12.2.0/thumb/v6-m/nofp\libgcc.a(_dvmd_tls.o)
                0x20000170                __aeabi_idiv0
                0x20000170                __aeabi_ldiv0
                0x20000174                        . = ALIGN (0x4)
 *(.rodata*)
                0x20000174                        . = ALIGN (0x4)
 *(.data*)
 .data.striped_spin_lock_num
                0x20000174        0x1 CMakeFiles/orionshands.dir/D_/Documents/Github/PCB-Design/keyboard-code/pico-sdk/src/rp2_common/hardware_sync/sync.c.obj
 *fill*         0x20000175        0x3 
 .data          0x20000178       0x48 CMakeFiles/orionshands.dir/D_/Documents/Github/PCB-Design/keyboard-code/pico-sdk/src/rp2_common/hardware_irq/irq_handler_chain.S.obj
                0x20000178                irq_handler_chain_slots
                0x200001a8                irq_handler_chain_first_slot
                0x200001b2                irq_handler_chain_remove_tail
 .data.default_alarm_pool
                0x200001c0       0x18 CMakeFiles/orionshands.dir/D_/Documents/Github/PCB-Design/keyboard-code/pico-sdk/src/common/pico_time/time.c.obj
 .data.default_alarm_pool_heap
                0x200001d8       0x10 CMakeFiles/orionshands.dir/D_/Documents/Github/PCB-Design/keyboard-code/pico-sdk/src/common/pico_time/time.c.obj
 *fill*         0x200001e8        0x8 
 .data.aeabi_bits_funcs
                0x200001f0       0x10 CMakeFiles/orionshands.dir/D_/Documents/Github/PCB-Design/keyboard-code/pico-sdk/src/rp2_common/pico_bit_ops/bit_ops_aeabi.S.obj
                0x200001f0                aeabi_bits_funcs
                0x20000200                aeabi_bits_funcs_end
 .data.aeabi_mem_funcs
                0x20000200       0x10 CMakeFiles/orionshands.dir/D_/Documents/Github/PCB-Design/keyboard-code/pico-sdk/src/rp2_common/pico_mem_ops/mem_ops_aeabi.S.obj
                0x20000200                aeabi_mem_funcs
                0x20000210                aeabi_mem_funcs_end
                0x20000210                        . = ALIGN (0x4)
 *(.after_data.*)
                0x20000210                        . = ALIGN (0x4)
                0x20000210                        PROVIDE (__mutex_array_start = .)
 *(SORT_BY_NAME(.mutex_array.*))
 *(.mutex_array)
 .mutex_array   0x20000210        0x8 CMakeFiles/orionshands.dir/D_/Documents/Github/PCB-Design/keyboard-code/pico-sdk/src/rp2_common/pico_stdio/stdio.c.obj
                0x20000218                        PROVIDE (__mutex_array_end = .)
                0x20000218                        . = ALIGN (0x4)
                0x20000218                        PROVIDE (__preinit_array_start = .)
 *(SORT_BY_NAME(.preinit_array.*))
 .preinit_array.00001
                0x20000218        0x4 CMakeFiles/orionshands.dir/D_/Documents/Github/PCB-Design/keyboard-code/pico-sdk/src/rp2_common/pico_mem_ops/mem_ops_aeabi.S.obj
 .preinit_array.00010
                0x2000021c        0x4 CMakeFiles/orionshands.dir/D_/Documents/Github/PCB-Design/keyboard-code/pico-sdk/src/rp2_common/pico_bit_ops/bit_ops_aeabi.S.obj
 .preinit_array.00020
                0x20000220        0x4 CMakeFiles/orionshands.dir/D_/Documents/Github/PCB-Design/keyboard-code/pico-sdk/src/rp2_common/pico_double/double_aeabi.S.obj
 .preinit_array.00020
                0x20000224        0x4 CMakeFiles/orionshands.dir/D_/Documents/Github/PCB-Design/keyboard-code/pico-sdk/src/rp2_common/pico_float/float_aeabi.S.obj
 *(.preinit_array)
                0x20000228                        PROVIDE (__preinit_array_end = .)
                0x20000228                        . = ALIGN (0x4)
                0x20000228                        PROVIDE (__init_array_start = .)
 *(SORT_BY_NAME(.init_array.*))
 *(.init_array)
 .init_array    0x20000228        0x4 d:/documents/arm gnu toolchain/12.2 mpacbti-bet1/bin/../lib/gcc/arm-none-eabi/12.2.0/thumb/v6-m/nofp/crtbegin.o
                0x2000022c                        PROVIDE (__init_array_end = .)
                0x2000022c                        . = ALIGN (0x4)
                [!provide]                        PROVIDE (__fini_array_start = .)
 *(SORT_BY_NAME(.fini_array.*))
 *(.fini_array)
                [!provide]                        PROVIDE (__fini_array_end = .)
 *(.jcr)
                0x2000022c                        . = ALIGN (0x4)
                0x2000022c                        __data_end__ = .

.tm_clone_table
                0x2000022c        0x0 load address 0x10001f98
 .tm_clone_table
                0x2000022c        0x0 d:/documents/arm gnu toolchain/12.2 mpacbti-bet1/bin/../lib/gcc/arm-none-eabi/12.2.0/thumb/v6-m/nofp/crtbegin.o
 .tm_clone_table
                0x2000022c        0x0 d:/documents/arm gnu toolchain/12.2 mpacbti-bet1/bin/../lib/gcc/arm-none-eabi/12.2.0/thumb/v6-m/nofp/crtend.o

.igot.plt       0x2000022c        0x0 load address 0x10001f98
 .igot.plt      0x2000022c        0x0 d:/documents/arm gnu toolchain/12.2 mpacbti-bet1/bin/../lib/gcc/arm-none-eabi/12.2.0/thumb/v6-m/nofp/crtbegin.o

.uninitialized_data
                0x2000022c        0x0 load address 0x10001f98
                0x2000022c                        . = ALIGN (0x4)
 *(.uninitialized_data*)

.scratch_x      0x20040000        0x0 load address 0x10001f98
                0x20040000                        __scratch_x_start__ = .
 *(.scratch_x.*)
                0x20040000                        . = ALIGN (0x4)
                0x20040000                        __scratch_x_end__ = .
                0x10001f98                        __scratch_x_source__ = LOADADDR (.scratch_x)

.scratch_y      0x20041000        0x0 load address 0x10001f98
                0x20041000                        __scratch_y_start__ = .
 *(.scratch_y.*)
                0x20041000                        . = ALIGN (0x4)
                0x20041000                        __scratch_y_end__ = .
                0x10001f98                        __scratch_y_source__ = LOADADDR (.scratch_y)

.bss            0x20000230      0x3c8
                0x20000230                        . = ALIGN (0x4)
                0x20000230                        __bss_start__ = .
 *(SORT_BY_ALIGNMENT(SORT_BY_NAME(.bss*)))
 .bss.configured_freq
                0x20000230       0x28 CMakeFiles/orionshands.dir/D_/Documents/Github/PCB-Design/keyboard-code/pico-sdk/src/rp2_common/hardware_clocks/clocks.c.obj
 .bss.default_alarm_pool_entries
                0x20000258      0x100 CMakeFiles/orionshands.dir/D_/Documents/Github/PCB-Design/keyboard-code/pico-sdk/src/common/pico_time/time.c.obj
 .bss.sd_table  0x20000358      0x100 CMakeFiles/orionshands.dir/D_/Documents/Github/PCB-Design/keyboard-code/pico-sdk/src/rp2_common/pico_double/double_init_rom.c.obj
                0x20000358                sd_table
 .bss.sf_table  0x20000458      0x100 CMakeFiles/orionshands.dir/D_/Documents/Github/PCB-Design/keyboard-code/pico-sdk/src/rp2_common/pico_float/float_init_rom.c.obj
                0x20000458                sf_table
 .bss.alarm_callbacks
                0x20000558       0x10 CMakeFiles/orionshands.dir/D_/Documents/Github/PCB-Design/keyboard-code/pico-sdk/src/rp2_common/hardware_timer/timer.c.obj
 .bss.default_alarm_pool_entry_ids_high
                0x20000568       0x10 CMakeFiles/orionshands.dir/D_/Documents/Github/PCB-Design/keyboard-code/pico-sdk/src/common/pico_time/time.c.obj
 .bss.default_alarm_pool_heap_nodes
                0x20000578       0x30 CMakeFiles/orionshands.dir/D_/Documents/Github/PCB-Design/keyboard-code/pico-sdk/src/common/pico_time/time.c.obj
 .bss.drivers   0x200005a8        0x4 CMakeFiles/orionshands.dir/D_/Documents/Github/PCB-Design/keyboard-code/pico-sdk/src/rp2_common/pico_stdio/stdio.c.obj
 .bss.filter    0x200005ac        0x4 CMakeFiles/orionshands.dir/D_/Documents/Github/PCB-Design/keyboard-code/pico-sdk/src/rp2_common/pico_stdio/stdio.c.obj
 .bss.lazy_vsnprintf
                0x200005b0        0x4 CMakeFiles/orionshands.dir/D_/Documents/Github/PCB-Design/keyboard-code/pico-sdk/src/rp2_common/pico_printf/printf.c.obj
 .bss.object.0  0x200005b4       0x18 d:/documents/arm gnu toolchain/12.2 mpacbti-bet1/bin/../lib/gcc/arm-none-eabi/12.2.0/thumb/v6-m/nofp/crtbegin.o
 .bss.pools     0x200005cc       0x10 CMakeFiles/orionshands.dir/D_/Documents/Github/PCB-Design/keyboard-code/pico-sdk/src/common/pico_time/time.c.obj
 .bss.sf_clz_func
                0x200005dc        0x4 CMakeFiles/orionshands.dir/D_/Documents/Github/PCB-Design/keyboard-code/pico-sdk/src/rp2_common/pico_double/double_init_rom.c.obj
                0x200005dc                sf_clz_func
 .bss.sleep_notifier
                0x200005e0        0x4 CMakeFiles/orionshands.dir/D_/Documents/Github/PCB-Design/keyboard-code/pico-sdk/src/common/pico_time/time.c.obj
 .bss.target_hi
                0x200005e4       0x10 CMakeFiles/orionshands.dir/D_/Documents/Github/PCB-Design/keyboard-code/pico-sdk/src/rp2_common/hardware_timer/timer.c.obj
 .bss.claimed   0x200005f4        0x1 CMakeFiles/orionshands.dir/D_/Documents/Github/PCB-Design/keyboard-code/pico-sdk/src/rp2_common/hardware_timer/timer.c.obj
 .bss.irq_hander_chain_free_slot_head
                0x200005f5        0x1 CMakeFiles/orionshands.dir/D_/Documents/Github/PCB-Design/keyboard-code/pico-sdk/src/rp2_common/hardware_irq/irq.c.obj
 .bss.timer_callbacks_pending
                0x200005f6        0x1 CMakeFiles/orionshands.dir/D_/Documents/Github/PCB-Design/keyboard-code/pico-sdk/src/rp2_common/hardware_timer/timer.c.obj
 *(COMMON)
                0x200005f8                        . = ALIGN (0x4)
 *fill*         0x200005f7        0x1 
                0x200005f8                        __bss_end__ = .

.heap           0x200005f8      0x800
                0x200005f8                        __end__ = .
                0x200005f8                        end = __end__
 *(.heap*)
 .heap          0x200005f8      0x800 CMakeFiles/orionshands.dir/D_/Documents/Github/PCB-Design/keyboard-code/pico-sdk/src/rp2_common/pico_standard_link/crt0.S.obj
                0x20000df8                        __HeapLimit = .

.stack1_dummy
 *(.stack1*)

.stack_dummy    0x20041000      0x800
 *(.stack*)
 .stack         0x20041000      0x800 CMakeFiles/orionshands.dir/D_/Documents/Github/PCB-Design/keyboard-code/pico-sdk/src/rp2_common/pico_standard_link/crt0.S.obj

.flash_end      0x10001f98        0x0
                0x10001f98                        __flash_binary_end = .
                0x20040000                        __StackLimit = (ORIGIN (RAM) + LENGTH (RAM))
                0x20041000                        __StackOneTop = (ORIGIN (SCRATCH_X) + LENGTH (SCRATCH_X))
                0x20042000                        __StackTop = (ORIGIN (SCRATCH_Y) + LENGTH (SCRATCH_Y))
                0x20041000                        __StackOneBottom = (__StackOneTop - SIZEOF (.stack1_dummy))
                0x20041800                        __StackBottom = (__StackTop - SIZEOF (.stack_dummy))
                0x20042000                        PROVIDE (__stack = __StackTop)
                0x00000001                        ASSERT ((__StackLimit >= __HeapLimit), region RAM overflowed)
                0x00000001                        ASSERT (((__binary_info_header_end - __logical_binary_start) <= 0x100), Binary info must be in first 256 bytes of the binary)
LOAD CMakeFiles/orionshands.dir/src/main.c.obj
LOAD CMakeFiles/orionshands.dir/D_/Documents/Github/PCB-Design/keyboard-code/pico-sdk/src/rp2_common/pico_stdlib/stdlib.c.obj
LOAD CMakeFiles/orionshands.dir/D_/Documents/Github/PCB-Design/keyboard-code/pico-sdk/src/rp2_common/hardware_gpio/gpio.c.obj
LOAD CMakeFiles/orionshands.dir/D_/Documents/Github/PCB-Design/keyboard-code/pico-sdk/src/rp2_common/hardware_claim/claim.c.obj
LOAD CMakeFiles/orionshands.dir/D_/Documents/Github/PCB-Design/keyboard-code/pico-sdk/src/rp2_common/pico_platform/platform.c.obj
LOAD CMakeFiles/orionshands.dir/D_/Documents/Github/PCB-Design/keyboard-code/pico-sdk/src/rp2_common/hardware_sync/sync.c.obj
LOAD CMakeFiles/orionshands.dir/D_/Documents/Github/PCB-Design/keyboard-code/pico-sdk/src/rp2_common/hardware_irq/irq.c.obj
LOAD CMakeFiles/orionshands.dir/D_/Documents/Github/PCB-Design/keyboard-code/pico-sdk/src/rp2_common/hardware_irq/irq_handler_chain.S.obj
LOAD CMakeFiles/orionshands.dir/D_/Documents/Github/PCB-Design/keyboard-code/pico-sdk/src/common/pico_sync/sem.c.obj
LOAD CMakeFiles/orionshands.dir/D_/Documents/Github/PCB-Design/keyboard-code/pico-sdk/src/common/pico_sync/lock_core.c.obj
LOAD CMakeFiles/orionshands.dir/D_/Documents/Github/PCB-Design/keyboard-code/pico-sdk/src/common/pico_time/time.c.obj
LOAD CMakeFiles/orionshands.dir/D_/Documents/Github/PCB-Design/keyboard-code/pico-sdk/src/common/pico_time/timeout_helper.c.obj
LOAD CMakeFiles/orionshands.dir/D_/Documents/Github/PCB-Design/keyboard-code/pico-sdk/src/rp2_common/hardware_timer/timer.c.obj
LOAD CMakeFiles/orionshands.dir/D_/Documents/Github/PCB-Design/keyboard-code/pico-sdk/src/common/pico_util/datetime.c.obj
LOAD CMakeFiles/orionshands.dir/D_/Documents/Github/PCB-Design/keyboard-code/pico-sdk/src/common/pico_util/pheap.c.obj
LOAD CMakeFiles/orionshands.dir/D_/Documents/Github/PCB-Design/keyboard-code/pico-sdk/src/common/pico_util/queue.c.obj
LOAD CMakeFiles/orionshands.dir/D_/Documents/Github/PCB-Design/keyboard-code/pico-sdk/src/common/pico_sync/mutex.c.obj
LOAD CMakeFiles/orionshands.dir/D_/Documents/Github/PCB-Design/keyboard-code/pico-sdk/src/common/pico_sync/critical_section.c.obj
LOAD CMakeFiles/orionshands.dir/D_/Documents/Github/PCB-Design/keyboard-code/pico-sdk/src/rp2_common/hardware_uart/uart.c.obj
LOAD CMakeFiles/orionshands.dir/D_/Documents/Github/PCB-Design/keyboard-code/pico-sdk/src/rp2_common/hardware_divider/divider.S.obj
LOAD CMakeFiles/orionshands.dir/D_/Documents/Github/PCB-Design/keyboard-code/pico-sdk/src/rp2_common/pico_runtime/runtime.c.obj
LOAD CMakeFiles/orionshands.dir/D_/Documents/Github/PCB-Design/keyboard-code/pico-sdk/src/rp2_common/hardware_clocks/clocks.c.obj
LOAD CMakeFiles/orionshands.dir/D_/Documents/Github/PCB-Design/keyboard-code/pico-sdk/src/rp2_common/hardware_pll/pll.c.obj
LOAD CMakeFiles/orionshands.dir/D_/Documents/Github/PCB-Design/keyboard-code/pico-sdk/src/rp2_common/hardware_vreg/vreg.c.obj
LOAD CMakeFiles/orionshands.dir/D_/Documents/Github/PCB-Design/keyboard-code/pico-sdk/src/rp2_common/hardware_watchdog/watchdog.c.obj
LOAD CMakeFiles/orionshands.dir/D_/Documents/Github/PCB-Design/keyboard-code/pico-sdk/src/rp2_common/hardware_xosc/xosc.c.obj
LOAD CMakeFiles/orionshands.dir/D_/Documents/Github/PCB-Design/keyboard-code/pico-sdk/src/rp2_common/pico_printf/printf.c.obj
LOAD CMakeFiles/orionshands.dir/D_/Documents/Github/PCB-Design/keyboard-code/pico-sdk/src/rp2_common/pico_bit_ops/bit_ops_aeabi.S.obj
LOAD CMakeFiles/orionshands.dir/D_/Documents/Github/PCB-Design/keyboard-code/pico-sdk/src/rp2_common/pico_bootrom/bootrom.c.obj
LOAD CMakeFiles/orionshands.dir/D_/Documents/Github/PCB-Design/keyboard-code/pico-sdk/src/rp2_common/pico_divider/divider.S.obj
LOAD CMakeFiles/orionshands.dir/D_/Documents/Github/PCB-Design/keyboard-code/pico-sdk/src/rp2_common/pico_double/double_aeabi.S.obj
LOAD CMakeFiles/orionshands.dir/D_/Documents/Github/PCB-Design/keyboard-code/pico-sdk/src/rp2_common/pico_double/double_init_rom.c.obj
LOAD CMakeFiles/orionshands.dir/D_/Documents/Github/PCB-Design/keyboard-code/pico-sdk/src/rp2_common/pico_double/double_math.c.obj
LOAD CMakeFiles/orionshands.dir/D_/Documents/Github/PCB-Design/keyboard-code/pico-sdk/src/rp2_common/pico_double/double_v1_rom_shim.S.obj
LOAD CMakeFiles/orionshands.dir/D_/Documents/Github/PCB-Design/keyboard-code/pico-sdk/src/rp2_common/pico_int64_ops/pico_int64_ops_aeabi.S.obj
LOAD CMakeFiles/orionshands.dir/D_/Documents/Github/PCB-Design/keyboard-code/pico-sdk/src/rp2_common/pico_float/float_aeabi.S.obj
LOAD CMakeFiles/orionshands.dir/D_/Documents/Github/PCB-Design/keyboard-code/pico-sdk/src/rp2_common/pico_float/float_init_rom.c.obj
LOAD CMakeFiles/orionshands.dir/D_/Documents/Github/PCB-Design/keyboard-code/pico-sdk/src/rp2_common/pico_float/float_math.c.obj
LOAD CMakeFiles/orionshands.dir/D_/Documents/Github/PCB-Design/keyboard-code/pico-sdk/src/rp2_common/pico_float/float_v1_rom_shim.S.obj
LOAD CMakeFiles/orionshands.dir/D_/Documents/Github/PCB-Design/keyboard-code/pico-sdk/src/rp2_common/pico_malloc/pico_malloc.c.obj
LOAD CMakeFiles/orionshands.dir/D_/Documents/Github/PCB-Design/keyboard-code/pico-sdk/src/rp2_common/pico_mem_ops/mem_ops_aeabi.S.obj
LOAD CMakeFiles/orionshands.dir/D_/Documents/Github/PCB-Design/keyboard-code/pico-sdk/src/rp2_common/pico_standard_link/crt0.S.obj
LOAD CMakeFiles/orionshands.dir/D_/Documents/Github/PCB-Design/keyboard-code/pico-sdk/src/rp2_common/pico_standard_link/new_delete.cpp.obj
LOAD CMakeFiles/orionshands.dir/D_/Documents/Github/PCB-Design/keyboard-code/pico-sdk/src/rp2_common/pico_standard_link/binary_info.c.obj
LOAD CMakeFiles/orionshands.dir/D_/Documents/Github/PCB-Design/keyboard-code/pico-sdk/src/rp2_common/pico_stdio/stdio.c.obj
LOAD C:\Users\Alex\AppData\Local\Temp\ccGA091S.o
LOAD d:/documents/arm gnu toolchain/12.2 mpacbti-bet1/bin/../lib/gcc/arm-none-eabi/12.2.0/thumb/v6-m/nofp\libstdc++.a
LOAD d:/documents/arm gnu toolchain/12.2 mpacbti-bet1/bin/../lib/gcc/arm-none-eabi/12.2.0/thumb/v6-m/nofp\libm.a
START GROUP
LOAD d:/documents/arm gnu toolchain/12.2 mpacbti-bet1/bin/../lib/gcc/arm-none-eabi/12.2.0/thumb/v6-m/nofp\libgcc.a
LOAD d:/documents/arm gnu toolchain/12.2 mpacbti-bet1/bin/../lib/gcc/arm-none-eabi/12.2.0/thumb/v6-m/nofp\libc.a
END GROUP
START GROUP
LOAD d:/documents/arm gnu toolchain/12.2 mpacbti-bet1/bin/../lib/gcc/arm-none-eabi/12.2.0/thumb/v6-m/nofp\libgcc.a
LOAD d:/documents/arm gnu toolchain/12.2 mpacbti-bet1/bin/../lib/gcc/arm-none-eabi/12.2.0/thumb/v6-m/nofp\libc.a
LOAD d:/documents/arm gnu toolchain/12.2 mpacbti-bet1/bin/../lib/gcc/arm-none-eabi/12.2.0/thumb/v6-m/nofp\libnosys.a
END GROUP
LOAD d:/documents/arm gnu toolchain/12.2 mpacbti-bet1/bin/../lib/gcc/arm-none-eabi/12.2.0/thumb/v6-m/nofp/crtend.o
LOAD d:/documents/arm gnu toolchain/12.2 mpacbti-bet1/bin/../lib/gcc/arm-none-eabi/12.2.0/thumb/v6-m/nofp/crtn.o
OUTPUT(orionshands.elf elf32-littlearm)
LOAD linker stubs

.ARM.attributes
                0x00000000       0x28
 .ARM.attributes
                0x00000000       0x1e d:/documents/arm gnu toolchain/12.2 mpacbti-bet1/bin/../lib/gcc/arm-none-eabi/12.2.0/thumb/v6-m/nofp/crti.o
 .ARM.attributes
                0x0000001e       0x2c d:/documents/arm gnu toolchain/12.2 mpacbti-bet1/bin/../lib/gcc/arm-none-eabi/12.2.0/thumb/v6-m/nofp/crtbegin.o
 .ARM.attributes
                0x0000004a       0x2c CMakeFiles/orionshands.dir/src/main.c.obj
 .ARM.attributes
                0x00000076       0x2c CMakeFiles/orionshands.dir/D_/Documents/Github/PCB-Design/keyboard-code/pico-sdk/src/rp2_common/hardware_gpio/gpio.c.obj
 .ARM.attributes
                0x000000a2       0x2c CMakeFiles/orionshands.dir/D_/Documents/Github/PCB-Design/keyboard-code/pico-sdk/src/rp2_common/hardware_claim/claim.c.obj
 .ARM.attributes
                0x000000ce       0x2c CMakeFiles/orionshands.dir/D_/Documents/Github/PCB-Design/keyboard-code/pico-sdk/src/rp2_common/pico_platform/platform.c.obj
 .ARM.attributes
                0x000000fa       0x2c CMakeFiles/orionshands.dir/D_/Documents/Github/PCB-Design/keyboard-code/pico-sdk/src/rp2_common/hardware_sync/sync.c.obj
 .ARM.attributes
                0x00000126       0x2c CMakeFiles/orionshands.dir/D_/Documents/Github/PCB-Design/keyboard-code/pico-sdk/src/rp2_common/hardware_irq/irq.c.obj
 .ARM.attributes
                0x00000152       0x22 CMakeFiles/orionshands.dir/D_/Documents/Github/PCB-Design/keyboard-code/pico-sdk/src/rp2_common/hardware_irq/irq_handler_chain.S.obj
 .ARM.attributes
                0x00000174       0x2c CMakeFiles/orionshands.dir/D_/Documents/Github/PCB-Design/keyboard-code/pico-sdk/src/common/pico_sync/lock_core.c.obj
 .ARM.attributes
                0x000001a0       0x2c CMakeFiles/orionshands.dir/D_/Documents/Github/PCB-Design/keyboard-code/pico-sdk/src/common/pico_time/time.c.obj
 .ARM.attributes
                0x000001cc       0x2c CMakeFiles/orionshands.dir/D_/Documents/Github/PCB-Design/keyboard-code/pico-sdk/src/rp2_common/hardware_timer/timer.c.obj
 .ARM.attributes
                0x000001f8       0x2c CMakeFiles/orionshands.dir/D_/Documents/Github/PCB-Design/keyboard-code/pico-sdk/src/common/pico_util/pheap.c.obj
 .ARM.attributes
                0x00000224       0x2c CMakeFiles/orionshands.dir/D_/Documents/Github/PCB-Design/keyboard-code/pico-sdk/src/common/pico_sync/mutex.c.obj
 .ARM.attributes
                0x00000250       0x2c CMakeFiles/orionshands.dir/D_/Documents/Github/PCB-Design/keyboard-code/pico-sdk/src/rp2_common/pico_runtime/runtime.c.obj
 .ARM.attributes
                0x0000027c       0x2c CMakeFiles/orionshands.dir/D_/Documents/Github/PCB-Design/keyboard-code/pico-sdk/src/rp2_common/hardware_clocks/clocks.c.obj
 .ARM.attributes
                0x000002a8       0x2c CMakeFiles/orionshands.dir/D_/Documents/Github/PCB-Design/keyboard-code/pico-sdk/src/rp2_common/hardware_pll/pll.c.obj
 .ARM.attributes
                0x000002d4       0x2c CMakeFiles/orionshands.dir/D_/Documents/Github/PCB-Design/keyboard-code/pico-sdk/src/rp2_common/hardware_watchdog/watchdog.c.obj
 .ARM.attributes
                0x00000300       0x2c CMakeFiles/orionshands.dir/D_/Documents/Github/PCB-Design/keyboard-code/pico-sdk/src/rp2_common/hardware_xosc/xosc.c.obj
 .ARM.attributes
                0x0000032c       0x2c CMakeFiles/orionshands.dir/D_/Documents/Github/PCB-Design/keyboard-code/pico-sdk/src/rp2_common/pico_printf/printf.c.obj
 .ARM.attributes
                0x00000358       0x22 CMakeFiles/orionshands.dir/D_/Documents/Github/PCB-Design/keyboard-code/pico-sdk/src/rp2_common/pico_bit_ops/bit_ops_aeabi.S.obj
 .ARM.attributes
                0x0000037a       0x2c CMakeFiles/orionshands.dir/D_/Documents/Github/PCB-Design/keyboard-code/pico-sdk/src/rp2_common/pico_bootrom/bootrom.c.obj
 .ARM.attributes
                0x000003a6       0x22 CMakeFiles/orionshands.dir/D_/Documents/Github/PCB-Design/keyboard-code/pico-sdk/src/rp2_common/pico_divider/divider.S.obj
 .ARM.attributes
                0x000003c8       0x22 CMakeFiles/orionshands.dir/D_/Documents/Github/PCB-Design/keyboard-code/pico-sdk/src/rp2_common/pico_double/double_aeabi.S.obj
 .ARM.attributes
                0x000003ea       0x2c CMakeFiles/orionshands.dir/D_/Documents/Github/PCB-Design/keyboard-code/pico-sdk/src/rp2_common/pico_double/double_init_rom.c.obj
 .ARM.attributes
                0x00000416       0x22 CMakeFiles/orionshands.dir/D_/Documents/Github/PCB-Design/keyboard-code/pico-sdk/src/rp2_common/pico_double/double_v1_rom_shim.S.obj
 .ARM.attributes
                0x00000438       0x22 CMakeFiles/orionshands.dir/D_/Documents/Github/PCB-Design/keyboard-code/pico-sdk/src/rp2_common/pico_float/float_aeabi.S.obj
 .ARM.attributes
                0x0000045a       0x2c CMakeFiles/orionshands.dir/D_/Documents/Github/PCB-Design/keyboard-code/pico-sdk/src/rp2_common/pico_float/float_init_rom.c.obj
 .ARM.attributes
                0x00000486       0x22 CMakeFiles/orionshands.dir/D_/Documents/Github/PCB-Design/keyboard-code/pico-sdk/src/rp2_common/pico_float/float_v1_rom_shim.S.obj
 .ARM.attributes
                0x000004a8       0x22 CMakeFiles/orionshands.dir/D_/Documents/Github/PCB-Design/keyboard-code/pico-sdk/src/rp2_common/pico_mem_ops/mem_ops_aeabi.S.obj
 .ARM.attributes
                0x000004ca       0x22 CMakeFiles/orionshands.dir/D_/Documents/Github/PCB-Design/keyboard-code/pico-sdk/src/rp2_common/pico_standard_link/crt0.S.obj
 .ARM.attributes
                0x000004ec       0x2c CMakeFiles/orionshands.dir/D_/Documents/Github/PCB-Design/keyboard-code/pico-sdk/src/rp2_common/pico_standard_link/binary_info.c.obj
 .ARM.attributes
                0x00000518       0x2c CMakeFiles/orionshands.dir/D_/Documents/Github/PCB-Design/keyboard-code/pico-sdk/src/rp2_common/pico_stdio/stdio.c.obj
 .ARM.attributes
                0x00000544       0x22 C:\Users\Alex\AppData\Local\Temp\ccGA091S.o
 .ARM.attributes
                0x00000566       0x1e d:/documents/arm gnu toolchain/12.2 mpacbti-bet1/bin/../lib/gcc/arm-none-eabi/12.2.0/thumb/v6-m/nofp\libgcc.a(_dvmd_tls.o)
 .ARM.attributes
                0x00000584       0x2c d:/documents/arm gnu toolchain/12.2 mpacbti-bet1/bin/../lib/gcc/arm-none-eabi/12.2.0/thumb/v6-m/nofp\libc.a(libc_a-strlen-stub.o)
 .ARM.attributes
                0x000005b0       0x2c d:/documents/arm gnu toolchain/12.2 mpacbti-bet1/bin/../lib/gcc/arm-none-eabi/12.2.0/thumb/v6-m/nofp/crtend.o

.comment        0x00000000       0x4c
 .comment       0x00000000       0x4c d:/documents/arm gnu toolchain/12.2 mpacbti-bet1/bin/../lib/gcc/arm-none-eabi/12.2.0/thumb/v6-m/nofp/crtbegin.o
                                 0x4d (size before relaxing)
 .comment       0x0000004c       0x4d CMakeFiles/orionshands.dir/src/main.c.obj
 .comment       0x0000004c       0x4d CMakeFiles/orionshands.dir/D_/Documents/Github/PCB-Design/keyboard-code/pico-sdk/src/rp2_common/hardware_gpio/gpio.c.obj
 .comment       0x0000004c       0x4d CMakeFiles/orionshands.dir/D_/Documents/Github/PCB-Design/keyboard-code/pico-sdk/src/rp2_common/hardware_claim/claim.c.obj
 .comment       0x0000004c       0x4d CMakeFiles/orionshands.dir/D_/Documents/Github/PCB-Design/keyboard-code/pico-sdk/src/rp2_common/pico_platform/platform.c.obj
 .comment       0x0000004c       0x4d CMakeFiles/orionshands.dir/D_/Documents/Github/PCB-Design/keyboard-code/pico-sdk/src/rp2_common/hardware_sync/sync.c.obj
 .comment       0x0000004c       0x4d CMakeFiles/orionshands.dir/D_/Documents/Github/PCB-Design/keyboard-code/pico-sdk/src/rp2_common/hardware_irq/irq.c.obj
 .comment       0x0000004c       0x4d CMakeFiles/orionshands.dir/D_/Documents/Github/PCB-Design/keyboard-code/pico-sdk/src/common/pico_sync/lock_core.c.obj
 .comment       0x0000004c       0x4d CMakeFiles/orionshands.dir/D_/Documents/Github/PCB-Design/keyboard-code/pico-sdk/src/common/pico_time/time.c.obj
 .comment       0x0000004c       0x4d CMakeFiles/orionshands.dir/D_/Documents/Github/PCB-Design/keyboard-code/pico-sdk/src/rp2_common/hardware_timer/timer.c.obj
 .comment       0x0000004c       0x4d CMakeFiles/orionshands.dir/D_/Documents/Github/PCB-Design/keyboard-code/pico-sdk/src/common/pico_util/pheap.c.obj
 .comment       0x0000004c       0x4d CMakeFiles/orionshands.dir/D_/Documents/Github/PCB-Design/keyboard-code/pico-sdk/src/common/pico_sync/mutex.c.obj
 .comment       0x0000004c       0x4d CMakeFiles/orionshands.dir/D_/Documents/Github/PCB-Design/keyboard-code/pico-sdk/src/rp2_common/pico_runtime/runtime.c.obj
 .comment       0x0000004c       0x4d CMakeFiles/orionshands.dir/D_/Documents/Github/PCB-Design/keyboard-code/pico-sdk/src/rp2_common/hardware_clocks/clocks.c.obj
 .comment       0x0000004c       0x4d CMakeFiles/orionshands.dir/D_/Documents/Github/PCB-Design/keyboard-code/pico-sdk/src/rp2_common/hardware_pll/pll.c.obj
 .comment       0x0000004c       0x4d CMakeFiles/orionshands.dir/D_/Documents/Github/PCB-Design/keyboard-code/pico-sdk/src/rp2_common/hardware_watchdog/watchdog.c.obj
 .comment       0x0000004c       0x4d CMakeFiles/orionshands.dir/D_/Documents/Github/PCB-Design/keyboard-code/pico-sdk/src/rp2_common/hardware_xosc/xosc.c.obj
 .comment       0x0000004c       0x4d CMakeFiles/orionshands.dir/D_/Documents/Github/PCB-Design/keyboard-code/pico-sdk/src/rp2_common/pico_printf/printf.c.obj
 .comment       0x0000004c       0x4d CMakeFiles/orionshands.dir/D_/Documents/Github/PCB-Design/keyboard-code/pico-sdk/src/rp2_common/pico_bootrom/bootrom.c.obj
 .comment       0x0000004c       0x4d CMakeFiles/orionshands.dir/D_/Documents/Github/PCB-Design/keyboard-code/pico-sdk/src/rp2_common/pico_double/double_init_rom.c.obj
 .comment       0x0000004c       0x4d CMakeFiles/orionshands.dir/D_/Documents/Github/PCB-Design/keyboard-code/pico-sdk/src/rp2_common/pico_float/float_init_rom.c.obj
 .comment       0x0000004c       0x4d CMakeFiles/orionshands.dir/D_/Documents/Github/PCB-Design/keyboard-code/pico-sdk/src/rp2_common/pico_standard_link/binary_info.c.obj
 .comment       0x0000004c       0x4d CMakeFiles/orionshands.dir/D_/Documents/Github/PCB-Design/keyboard-code/pico-sdk/src/rp2_common/pico_stdio/stdio.c.obj
 .comment       0x0000004c       0x4d d:/documents/arm gnu toolchain/12.2 mpacbti-bet1/bin/../lib/gcc/arm-none-eabi/12.2.0/thumb/v6-m/nofp\libc.a(libc_a-strlen-stub.o)
 .comment       0x0000004c       0x4d d:/documents/arm gnu toolchain/12.2 mpacbti-bet1/bin/../lib/gcc/arm-none-eabi/12.2.0/thumb/v6-m/nofp/crtend.o

.debug_line     0x00000000      0x2b5
 .debug_line    0x00000000       0x4a d:/documents/arm gnu toolchain/12.2 mpacbti-bet1/bin/../lib/gcc/arm-none-eabi/12.2.0/thumb/v6-m/nofp\libgcc.a(_dvmd_tls.o)
 .debug_line    0x0000004a      0x26b d:/documents/arm gnu toolchain/12.2 mpacbti-bet1/bin/../lib/gcc/arm-none-eabi/12.2.0/thumb/v6-m/nofp\libc.a(libc_a-strlen-stub.o)

.debug_line_str
                0x00000000       0xd9
 .debug_line_str
                0x00000000       0xd9 d:/documents/arm gnu toolchain/12.2 mpacbti-bet1/bin/../lib/gcc/arm-none-eabi/12.2.0/thumb/v6-m/nofp\libgcc.a(_dvmd_tls.o)

.debug_info     0x00000000      0x124
 .debug_info    0x00000000       0x39 d:/documents/arm gnu toolchain/12.2 mpacbti-bet1/bin/../lib/gcc/arm-none-eabi/12.2.0/thumb/v6-m/nofp\libgcc.a(_dvmd_tls.o)
 .debug_info    0x00000039       0xeb d:/documents/arm gnu toolchain/12.2 mpacbti-bet1/bin/../lib/gcc/arm-none-eabi/12.2.0/thumb/v6-m/nofp\libc.a(libc_a-strlen-stub.o)

.debug_abbrev   0x00000000       0xaf
 .debug_abbrev  0x00000000       0x1f d:/documents/arm gnu toolchain/12.2 mpacbti-bet1/bin/../lib/gcc/arm-none-eabi/12.2.0/thumb/v6-m/nofp\libgcc.a(_dvmd_tls.o)
 .debug_abbrev  0x0000001f       0x90 d:/documents/arm gnu toolchain/12.2 mpacbti-bet1/bin/../lib/gcc/arm-none-eabi/12.2.0/thumb/v6-m/nofp\libc.a(libc_a-strlen-stub.o)

.debug_aranges  0x00000000       0x40
 .debug_aranges
                0x00000000       0x20 d:/documents/arm gnu toolchain/12.2 mpacbti-bet1/bin/../lib/gcc/arm-none-eabi/12.2.0/thumb/v6-m/nofp\libgcc.a(_dvmd_tls.o)
 .debug_aranges
                0x00000020       0x20 d:/documents/arm gnu toolchain/12.2 mpacbti-bet1/bin/../lib/gcc/arm-none-eabi/12.2.0/thumb/v6-m/nofp\libc.a(libc_a-strlen-stub.o)

.debug_str      0x00000000      0x2ef
 .debug_str     0x00000000      0x104 d:/documents/arm gnu toolchain/12.2 mpacbti-bet1/bin/../lib/gcc/arm-none-eabi/12.2.0/thumb/v6-m/nofp\libgcc.a(_dvmd_tls.o)
 .debug_str     0x00000104      0x1eb d:/documents/arm gnu toolchain/12.2 mpacbti-bet1/bin/../lib/gcc/arm-none-eabi/12.2.0/thumb/v6-m/nofp\libc.a(libc_a-strlen-stub.o)
                                0x224 (size before relaxing)

.debug_loclists
                0x00000000       0x5e
 .debug_loclists
                0x00000000       0x5e d:/documents/arm gnu toolchain/12.2 mpacbti-bet1/bin/../lib/gcc/arm-none-eabi/12.2.0/thumb/v6-m/nofp\libc.a(libc_a-strlen-stub.o)

.debug_rnglists
                0x00000000       0x13
 .debug_rnglists
                0x00000000       0x13 d:/documents/arm gnu toolchain/12.2 mpacbti-bet1/bin/../lib/gcc/arm-none-eabi/12.2.0/thumb/v6-m/nofp\libc.a(libc_a-strlen-stub.o)

.debug_frame    0x00000000       0x28
 .debug_frame   0x00000000       0x28 d:/documents/arm gnu toolchain/12.2 mpacbti-bet1/bin/../lib/gcc/arm-none-eabi/12.2.0/thumb/v6-m/nofp\libc.a(libc_a-strlen-stub.o)
